<html>
<body>
<pre>
<h1>µVision Build Log</h1>
<h2>Project:</h2>
C:\2015-Projects\2015-PROJECTS\DEC 023\madc.uvproj
Project File Date:  03/16/2015

<h2>Output:</h2>
Build target 'Target 1'
assembling Startup.s...
compiling main.c...
main.c(81): warning:  #223-D: function "lcd_command_write" declared implicitly
main.c:         lcd_command_write( 0xc0);
main.c:         ^
main.c(74): warning:  #177-D: variable "temp" was declared but never referenced
main.c:         float volts = 0.0 ,temp = 0.0;
main.c:                            ^
main.c(99): warning:  #223-D: function "lcd_command_write" declared implicitly
main.c:         lcd_command_write(0x80); 
main.c:         ^
main.c(100): warning:  #167-D: argument of type "char *" is incompatible with parameter of type "unsigned char *"
main.c:         putSLcd((char *)buf);
main.c:                 ^
main.c(116): warning:  #177-D: variable "BUFF" was declared but never referenced
main.c:     unsigned char BUFF[10];
main.c:                   ^
main.c(117): warning:  #177-D: variable "i" was declared but never referenced
main.c:     int i=0;
main.c:         ^
main.c(164): warning:  #223-D: function "lcd_data_write" declared implicitly
main.c:         for( ;*st ;lcd_data_write(*st++) );
main.c:                    ^
main.c(168): warning:  #177-D: variable "buff" was declared but never referenced
main.c:          unsigned char buff[10];
main.c:                        ^
main.c(172): warning:  #177-D: variable "buf" was declared but never referenced
main.c:          unsigned char buf[10];
main.c:                        ^
main.c: main.c: 9 warnings, 0 errors
compiling uart.c...
compiling lcd.c...
compiling delay.c...
compiling adc.c...
linking...
Program Size: Code=12228 RO-data=192 RW-data=0 ZI-data=1256  
FromELF: creating hex file...
"kkkk.axf" - 0 Error(s), 9 Warning(s).
Build target 'Target 1'
assembling Startup.s...
compiling main.c...
main.c(81): warning:  #223-D: function "lcd_command_write" declared implicitly
main.c:         lcd_command_write( 0xc0);
main.c:         ^
main.c(74): warning:  #177-D: variable "temp" was declared but never referenced
main.c:         float volts = 0.0 ,temp = 0.0;
main.c:                            ^
main.c(99): warning:  #223-D: function "lcd_command_write" declared implicitly
main.c:         lcd_command_write(0x80); 
main.c:         ^
main.c(100): warning:  #167-D: argument of type "char *" is incompatible with parameter of type "unsigned char *"
main.c:         putSLcd((char *)buf);
main.c:                 ^
main.c(116): warning:  #177-D: variable "BUFF" was declared but never referenced
main.c:     unsigned char BUFF[10];
main.c:                   ^
main.c(117): warning:  #177-D: variable "i" was declared but never referenced
main.c:     int i=0;
main.c:         ^
main.c(164): warning:  #223-D: function "lcd_data_write" declared implicitly
main.c:         for( ;*st ;lcd_data_write(*st++) );
main.c:                    ^
main.c(168): warning:  #177-D: variable "buff" was declared but never referenced
main.c:          unsigned char buff[10];
main.c:                        ^
main.c(172): warning:  #177-D: variable "buf" was declared but never referenced
main.c:          unsigned char buf[10];
main.c:                        ^
main.c: main.c: 9 warnings, 0 errors
compiling uart.c...
compiling lcd.c...
compiling delay.c...
compiling adc.c...
linking...
Program Size: Code=12228 RO-data=192 RW-data=0 ZI-data=1256  
FromELF: creating hex file...
"kkkk.axf" - 0 Error(s), 9 Warning(s).
Build target 'Target 1'
assembling Startup.s...
compiling main.c...
main.c(81): warning:  #223-D: function "lcd_command_write" declared implicitly
main.c:         lcd_command_write( 0xc0);
main.c:         ^
main.c(74): warning:  #177-D: variable "temp" was declared but never referenced
main.c:         float volts = 0.0 ,temp = 0.0;
main.c:                            ^
main.c(99): warning:  #223-D: function "lcd_command_write" declared implicitly
main.c:         lcd_command_write(0x80); 
main.c:         ^
main.c(100): warning:  #167-D: argument of type "char *" is incompatible with parameter of type "unsigned char *"
main.c:         putSLcd((char *)buf);
main.c:                 ^
main.c(116): warning:  #177-D: variable "BUFF" was declared but never referenced
main.c:     unsigned char BUFF[10];
main.c:                   ^
main.c(117): warning:  #177-D: variable "i" was declared but never referenced
main.c:     int i=0;
main.c:         ^
main.c(164): warning:  #223-D: function "lcd_data_write" declared implicitly
main.c:         for( ;*st ;lcd_data_write(*st++) );
main.c:                    ^
main.c(168): warning:  #177-D: variable "buff" was declared but never referenced
main.c:          unsigned char buff[10];
main.c:                        ^
main.c(172): warning:  #177-D: variable "buf" was declared but never referenced
main.c:          unsigned char buf[10];
main.c:                        ^
main.c: main.c: 9 warnings, 0 errors
compiling uart.c...
compiling lcd.c...
compiling delay.c...
compiling adc.c...
linking...
Program Size: Code=12228 RO-data=192 RW-data=0 ZI-data=1256  
FromELF: creating hex file...
"kkkkD.axf" - 0 Error(s), 9 Warning(s).
Build target 'Target 1'
assembling Startup.s...
compiling main.c...
main.c(81): warning:  #223-D: function "lcd_command_write" declared implicitly
main.c:         lcd_command_write( 0xc0);
main.c:         ^
main.c(74): warning:  #177-D: variable "temp" was declared but never referenced
main.c:         float volts = 0.0 ,temp = 0.0;
main.c:                            ^
main.c(99): warning:  #223-D: function "lcd_command_write" declared implicitly
main.c:         lcd_command_write(0x80); 
main.c:         ^
main.c(100): warning:  #167-D: argument of type "char *" is incompatible with parameter of type "unsigned char *"
main.c:         putSLcd((char *)buf);
main.c:                 ^
main.c(116): warning:  #177-D: variable "BUFF" was declared but never referenced
main.c:     unsigned char BUFF[10];
main.c:                   ^
main.c(117): warning:  #177-D: variable "i" was declared but never referenced
main.c:     int i=0;
main.c:         ^
main.c(164): warning:  #223-D: function "lcd_data_write" declared implicitly
main.c:         for( ;*st ;lcd_data_write(*st++) );
main.c:                    ^
main.c(168): warning:  #177-D: variable "buff" was declared but never referenced
main.c:          unsigned char buff[10];
main.c:                        ^
main.c(172): warning:  #177-D: variable "buf" was declared but never referenced
main.c:          unsigned char buf[10];
main.c:                        ^
main.c: main.c: 9 warnings, 0 errors
compiling uart.c...
compiling lcd.c...
compiling delay.c...
compiling adc.c...
linking...
Program Size: Code=12228 RO-data=192 RW-data=0 ZI-data=1256  
FromELF: creating hex file...
"kkkkD.axf" - 0 Error(s), 9 Warning(s).
Build target 'Target 1'
assembling Startup.s...
compiling main.c...
main.c(81): warning:  #223-D: function "lcd_command_write" declared implicitly
main.c:         lcd_command_write( 0xc0);
main.c:         ^
main.c(74): warning:  #177-D: variable "temp" was declared but never referenced
main.c:         float volts = 0.0 ,temp = 0.0;
main.c:                            ^
main.c(99): warning:  #223-D: function "lcd_command_write" declared implicitly
main.c:         lcd_command_write(0x80); 
main.c:         ^
main.c(100): warning:  #167-D: argument of type "char *" is incompatible with parameter of type "unsigned char *"
main.c:         putSLcd((char *)buf);
main.c:                 ^
main.c(116): warning:  #177-D: variable "BUFF" was declared but never referenced
main.c:     unsigned char BUFF[10];
main.c:                   ^
main.c(117): warning:  #177-D: variable "i" was declared but never referenced
main.c:     int i=0;
main.c:         ^
main.c(164): warning:  #223-D: function "lcd_data_write" declared implicitly
main.c:         for( ;*st ;lcd_data_write(*st++) );
main.c:                    ^
main.c(168): warning:  #177-D: variable "buff" was declared but never referenced
main.c:          unsigned char buff[10];
main.c:                        ^
main.c(172): warning:  #177-D: variable "buf" was declared but never referenced
main.c:          unsigned char buf[10];
main.c:                        ^
main.c: main.c: 9 warnings, 0 errors
compiling uart.c...
compiling lcd.c...
compiling delay.c...
compiling adc.c...
linking...
Program Size: Code=12228 RO-data=192 RW-data=0 ZI-data=1256  
FromELF: creating hex file...
"kkkkDY.axf" - 0 Error(s), 9 Warning(s).
