ARM Linker, RVCT4.0 [Build 728] [Evaluation]

==============================================================================

Section Cross References

    startup.o(STACK) refers (Special) to heapauxi.o(.text) for __use_two_region_memory
    startup.o(HEAP) refers (Special) to heapauxi.o(.text) for __use_two_region_memory
    startup.o(RESET) refers (Special) to heapauxi.o(.text) for __use_two_region_memory
    startup.o(RESET) refers to startup.o(STACK) for Stack_Top
    startup.o(RESET) refers to __main.o(!!!main) for __main
    startup.o(.text) refers (Special) to heapauxi.o(.text) for __use_two_region_memory
    startup.o(.text) refers to startup.o(HEAP) for Heap_Mem
    startup.o(.text) refers to startup.o(STACK) for Stack_Mem
    main.o(.text) refers to _printf_percent.o(.ARM.Collect$$_printf_percent$$00000000) for _printf_percent
    main.o(.text) refers to _printf_f.o(.ARM.Collect$$_printf_percent$$00000003) for _printf_f
    main.o(.text) refers to printf1.o(x$fpl$printf1) for _printf_fp_dec
    main.o(.text) refers to _printf_d.o(.ARM.Collect$$_printf_percent$$00000009) for _printf_d
    main.o(.text) refers to _printf_dec.o(.text) for _printf_int_dec
    main.o(.text) refers to lcd.o(.text) for lcd_data_write
    main.o(.text) refers to adc.o(.text) for adc_read
    main.o(.text) refers to dflt_noclz.o(x$fpl$dfltu) for __aeabi_ui2d
    main.o(.text) refers to dmul.o(x$fpl$dmul) for __aeabi_dmul
    main.o(.text) refers to ddiv.o(x$fpl$ddiv) for __aeabi_ddiv
    main.o(.text) refers to d2f.o(x$fpl$d2f) for __aeabi_d2f
    main.o(.text) refers to fmul.o(x$fpl$fmul) for __aeabi_fmul
    main.o(.text) refers to f2d.o(x$fpl$f2d) for __aeabi_f2d
    main.o(.text) refers to noretval__2sprintf.o(.text) for __2sprintf
    main.o(.text) refers to delay.o(.text) for delay
    main.o(.text) refers to uart.o(.text) for uart1_init
    __2sprintf.o(.text) refers to _printf_char_common.o(.text) for _printf_char_common
    __2sprintf.o(.text) refers to _sputc.o(.text) for _sputc
    noretval__2sprintf.o(.text) refers to _printf_char_common.o(.text) for _printf_char_common
    noretval__2sprintf.o(.text) refers to _sputc.o(.text) for _sputc
    __printf.o(.text) refers to __printf.o(i.__ARM_common_call_via_r1) for __ARM_common_call_via_r1
    __printf.o(.text) refers to _printf_percent.o(.ARM.Collect$$_printf_percent$$00000000) for _printf_percent
    __printf.o(.text) refers to __printf.o(i.__ARM_common_call_via_r2) for __ARM_common_call_via_r2
    _printf_dec.o(.text) refers to rtudiv10.o(.text) for __rt_udiv10
    _printf_dec.o(.text) refers to _printf_intcommon.o(.text) for _printf_int_common
    __printf_flags.o(.text) refers to __printf.o(i.__ARM_common_call_via_r1) for __ARM_common_call_via_r1
    __printf_flags.o(.text) refers to _printf_percent.o(.ARM.Collect$$_printf_percent$$00000000) for _printf_percent
    __printf_flags.o(.text) refers to __printf.o(i.__ARM_common_call_via_r2) for __ARM_common_call_via_r2
    __printf_flags.o(.text) refers to __printf_flags.o(.constdata) for .constdata
    __printf_ss.o(.text) refers to __printf.o(i.__ARM_common_call_via_r1) for __ARM_common_call_via_r1
    __printf_ss.o(.text) refers to _printf_percent.o(.ARM.Collect$$_printf_percent$$00000000) for _printf_percent
    __printf_ss.o(.text) refers to __printf.o(i.__ARM_common_call_via_r2) for __ARM_common_call_via_r2
    __printf_flags_ss.o(.text) refers to __printf.o(i.__ARM_common_call_via_r1) for __ARM_common_call_via_r1
    __printf_flags_ss.o(.text) refers to _printf_percent.o(.ARM.Collect$$_printf_percent$$00000000) for _printf_percent
    __printf_flags_ss.o(.text) refers to __printf.o(i.__ARM_common_call_via_r2) for __ARM_common_call_via_r2
    __printf_flags_ss.o(.text) refers to __printf_flags_ss.o(.constdata) for .constdata
    __printf_wp.o(.text) refers to __printf.o(i.__ARM_common_call_via_r1) for __ARM_common_call_via_r1
    __printf_wp.o(.text) refers to _printf_percent.o(.ARM.Collect$$_printf_percent$$00000000) for _printf_percent
    __printf_wp.o(.text) refers to __printf.o(i.__ARM_common_call_via_r2) for __ARM_common_call_via_r2
    __printf_flags_wp.o(.text) refers to __printf.o(i.__ARM_common_call_via_r1) for __ARM_common_call_via_r1
    __printf_flags_wp.o(.text) refers to _printf_percent.o(.ARM.Collect$$_printf_percent$$00000000) for _printf_percent
    __printf_flags_wp.o(.text) refers to __printf.o(i.__ARM_common_call_via_r2) for __ARM_common_call_via_r2
    __printf_flags_wp.o(.text) refers to __printf_flags_wp.o(.constdata) for .constdata
    __printf_ss_wp.o(.text) refers to __printf.o(i.__ARM_common_call_via_r1) for __ARM_common_call_via_r1
    __printf_ss_wp.o(.text) refers to _printf_percent.o(.ARM.Collect$$_printf_percent$$00000000) for _printf_percent
    __printf_ss_wp.o(.text) refers to __printf.o(i.__ARM_common_call_via_r2) for __ARM_common_call_via_r2
    __printf_flags_ss_wp.o(.text) refers to __printf.o(i.__ARM_common_call_via_r1) for __ARM_common_call_via_r1
    __printf_flags_ss_wp.o(.text) refers to _printf_percent.o(.ARM.Collect$$_printf_percent$$00000000) for _printf_percent
    __printf_flags_ss_wp.o(.text) refers to __printf.o(i.__ARM_common_call_via_r2) for __ARM_common_call_via_r2
    __printf_flags_ss_wp.o(.text) refers to __printf_flags_ss_wp.o(.constdata) for .constdata
    _printf_d.o(.ARM.Collect$$_printf_percent$$00000009) refers (Weak) to _printf_dec.o(.text) for _printf_int_dec
    _printf_f.o(.ARM.Collect$$_printf_percent$$00000003) refers (Weak) to printf1.o(x$fpl$printf1) for _printf_fp_dec
    _printf_percent.o(.ARM.Collect$$_printf_percent$$00000000) refers (Special) to _printf_percent_end.o(.ARM.Collect$$_printf_percent$$00000017) for _printf_percent_end
    __main.o(!!!main) refers to rtentry.o(.ARM.Collect$$rtentry$$00000000) for __rt_entry
    d2f.o(x$fpl$d2f) refers (Special) to usenofp.o(x$fpl$usenofp) for __I$use$fp
    d2f.o(x$fpl$d2f) refers (Special) to funder.o(x$fpl$funder) for __funder
    d2f.o(x$fpl$d2f) refers to dcheck1.o(x$fpl$dcheck1) for __fpl_dcheck_NaN1
    ddiv.o(x$fpl$drdiv) refers (Special) to usenofp.o(x$fpl$usenofp) for __I$use$fp
    ddiv.o(x$fpl$drdiv) refers (Special) to dunder.o(x$fpl$dunder) for __dunder
    ddiv.o(x$fpl$drdiv) refers to ddiv.o(x$fpl$ddiv) for ddiv_entry
    ddiv.o(x$fpl$ddiv) refers (Special) to usenofp.o(x$fpl$usenofp) for __I$use$fp
    ddiv.o(x$fpl$ddiv) refers (Special) to dunder.o(x$fpl$dunder) for __dunder
    ddiv.o(x$fpl$ddiv) refers to dcheck.o(x$fpl$dcheck) for __fpl_dcheck_NaN2
    dflt_noclz.o(x$fpl$dfltu) refers (Special) to usenofp.o(x$fpl$usenofp) for __I$use$fp
    dflt_noclz.o(x$fpl$dfltu) refers to dflt_noclz.o(x$fpl$dflt) for __dflt_normalise
    dflt_noclz.o(x$fpl$dflt) refers (Special) to usenofp.o(x$fpl$usenofp) for __I$use$fp
    dmul.o(x$fpl$dmul) refers (Special) to usenofp.o(x$fpl$usenofp) for __I$use$fp
    dmul.o(x$fpl$dmul) refers (Special) to dunder.o(x$fpl$dunder) for __dunder
    dmul.o(x$fpl$dmul) refers to dcheck.o(x$fpl$dcheck) for __fpl_dcheck_NaN2
    f2d.o(x$fpl$f2d) refers (Special) to usenofp.o(x$fpl$usenofp) for __I$use$fp
    f2d.o(x$fpl$f2d) refers (Special) to dflt_noclz.o(x$fpl$dflt) for __dflt_normalise
    f2d.o(x$fpl$f2d) refers to fcheck1.o(x$fpl$fcheck1) for __fpl_fcheck_NaN1
    fmul.o(x$fpl$fmul) refers (Special) to usenofp.o(x$fpl$usenofp) for __I$use$fp
    fmul.o(x$fpl$fmul) refers (Special) to fnorm2_noclz.o(x$fpl$fnorm2) for __fpl_normalise2
    fmul.o(x$fpl$fmul) refers (Special) to funder.o(x$fpl$funder) for __funder
    fmul.o(x$fpl$fmul) refers to fcheck.o(x$fpl$fcheck) for __fpl_fcheck_NaN2
    printf1.o(x$fpl$printf1) refers to _printf_fp_dec.o(.text) for _printf_fp_dec_real
    rtentry.o(.ARM.Collect$$rtentry$$00000000) refers (Special) to rtentry2.o(.ARM.Collect$$rtentry$$0000000A) for __rt_entry_li
    rtentry.o(.ARM.Collect$$rtentry$$00000000) refers (Special) to rtentry2.o(.ARM.Collect$$rtentry$$0000000D) for __rt_entry_main
    rtentry.o(.ARM.Collect$$rtentry$$00000000) refers (Special) to rtentry2.o(.ARM.Collect$$rtentry$$0000000C) for __rt_entry_postli_1
    rtentry.o(.ARM.Collect$$rtentry$$00000000) refers (Special) to rtentry2.o(.ARM.Collect$$rtentry$$00000009) for __rt_entry_postsh_1
    rtentry.o(.ARM.Collect$$rtentry$$00000000) refers (Special) to rtentry2.o(.ARM.Collect$$rtentry$$00000002) for __rt_entry_presh_1
    rtentry.o(.ARM.Collect$$rtentry$$00000000) refers (Special) to rtentry4.o(.ARM.Collect$$rtentry$$00000004) for __rt_entry_sh
    rtentry.o(.ARM.exidx) refers (Special) to rtentry2.o(.ARM.Collect$$rtentry$$0000000A) for __rt_entry_li
    rtentry.o(.ARM.exidx) refers (Special) to rtentry2.o(.ARM.Collect$$rtentry$$0000000D) for __rt_entry_main
    rtentry.o(.ARM.exidx) refers (Special) to rtentry2.o(.ARM.Collect$$rtentry$$0000000C) for __rt_entry_postli_1
    rtentry.o(.ARM.exidx) refers (Special) to rtentry2.o(.ARM.Collect$$rtentry$$00000009) for __rt_entry_postsh_1
    rtentry.o(.ARM.exidx) refers (Special) to rtentry2.o(.ARM.Collect$$rtentry$$00000002) for __rt_entry_presh_1
    rtentry.o(.ARM.exidx) refers (Special) to rtentry4.o(.ARM.Collect$$rtentry$$00000004) for __rt_entry_sh
    rtentry.o(.ARM.exidx) refers to rtentry.o(.ARM.Collect$$rtentry$$00000000) for .ARM.Collect$$rtentry$$00000000
    _printf_intcommon.o(.text) refers to __printf.o(i.__ARM_common_call_via_r2) for __ARM_common_call_via_r2
    _printf_fp_dec.o(.text) refers (Special) to usenofp.o(x$fpl$usenofp) for __I$use$fp
    _printf_fp_dec.o(.text) refers (Special) to lc_numeric_c.o(locale$$code) for _get_lc_numeric
    _printf_fp_dec.o(.text) refers to istatus.o(x$fpl$ieeestatus) for __ieee_status
    _printf_fp_dec.o(.text) refers to bigflt0.o(.text) for _btod_etento
    _printf_fp_dec.o(.text) refers to btod.o(CL$$btod_d2e) for _btod_d2e
    _printf_fp_dec.o(.text) refers to btod.o(CL$$btod_ediv) for _btod_ediv
    _printf_fp_dec.o(.text) refers to btod.o(CL$$btod_emul) for _btod_emul
    _printf_fp_dec.o(.text) refers to lludiv10.o(.text) for _ll_udiv10
    _printf_fp_dec.o(.text) refers to fpclassify.o(i.__ARM_fpclassify) for __ARM_fpclassify
    _printf_fp_dec.o(.text) refers to _printf_fp_infnan.o(.text) for _printf_fp_infnan
    _printf_fp_dec.o(.text) refers to rtudiv10.o(.text) for __rt_udiv10
    _printf_fp_dec.o(.text) refers to __printf.o(i.__ARM_common_call_via_r2) for __ARM_common_call_via_r2
    _printf_fp_dec.o(.text) refers to rt_locale_intlibspace.o(.text) for __rt_locale
    _printf_char_common.o(.text) refers to __printf.o(.text) for __printf
    dcheck.o(x$fpl$dcheck) refers (Special) to usenofp.o(x$fpl$usenofp) for __I$use$fp
    dcheck.o(x$fpl$dcheck) refers to retnan.o(x$fpl$retnan) for __fpl_return_NaN
    dcheck1.o(x$fpl$dcheck1) refers (Special) to usenofp.o(x$fpl$usenofp) for __I$use$fp
    dcheck1.o(x$fpl$dcheck1) refers to retnan.o(x$fpl$retnan) for __fpl_return_NaN
    dunder.o(x$fpl$dunder) refers (Special) to usenofp.o(x$fpl$usenofp) for __I$use$fp
    fcheck.o(x$fpl$fcheck) refers (Special) to usenofp.o(x$fpl$usenofp) for __I$use$fp
    fcheck.o(x$fpl$fcheck) refers to retnan.o(x$fpl$retnan) for __fpl_return_NaN
    fcheck1.o(x$fpl$fcheck1) refers (Special) to usenofp.o(x$fpl$usenofp) for __I$use$fp
    fcheck1.o(x$fpl$fcheck1) refers to retnan.o(x$fpl$retnan) for __fpl_return_NaN
    fnorm2_noclz.o(x$fpl$fnorm2) refers (Special) to usenofp.o(x$fpl$usenofp) for __I$use$fp
    funder.o(x$fpl$funder) refers (Special) to usenofp.o(x$fpl$usenofp) for __I$use$fp
    rtentry2.o(.ARM.Collect$$rtentry$$00000008) refers to boardinit2.o(.text) for _platform_post_stackheap_init
    rtentry2.o(.ARM.Collect$$rtentry$$0000000A) refers to libinit.o(.ARM.Collect$$libinit$$00000000) for __rt_lib_init
    rtentry2.o(.ARM.Collect$$rtentry$$0000000B) refers to boardinit3.o(.text) for _platform_post_lib_init
    rtentry2.o(.ARM.Collect$$rtentry$$0000000D) refers to exit.o(.text) for exit
    rtentry2.o(.ARM.Collect$$rtentry$$0000000D) refers to main.o(.text) for main
    rtentry2.o(.ARM.exidx) refers to rtentry2.o(.ARM.Collect$$rtentry$$00000001) for .ARM.Collect$$rtentry$$00000001
    rtentry2.o(.ARM.exidx) refers to rtentry2.o(.ARM.Collect$$rtentry$$00000002) for .ARM.Collect$$rtentry$$00000002
    rtentry2.o(.ARM.exidx) refers to rtentry2.o(.ARM.Collect$$rtentry$$00000008) for .ARM.Collect$$rtentry$$00000008
    rtentry2.o(.ARM.exidx) refers to rtentry2.o(.ARM.Collect$$rtentry$$00000009) for .ARM.Collect$$rtentry$$00000009
    rtentry2.o(.ARM.exidx) refers to rtentry2.o(.ARM.Collect$$rtentry$$0000000A) for .ARM.Collect$$rtentry$$0000000A
    rtentry2.o(.ARM.exidx) refers to rtentry2.o(.ARM.Collect$$rtentry$$0000000B) for .ARM.Collect$$rtentry$$0000000B
    rtentry2.o(.ARM.exidx) refers to rtentry2.o(.ARM.Collect$$rtentry$$0000000C) for .ARM.Collect$$rtentry$$0000000C
    rtentry2.o(.ARM.exidx) refers to rtentry2.o(.ARM.Collect$$rtentry$$0000000D) for .ARM.Collect$$rtentry$$0000000D
    rtentry4.o(.ARM.Collect$$rtentry$$00000004) refers to sys_stackheap_outer.o(.text) for __user_setup_stackheap
    rtentry4.o(.ARM.exidx) refers to rtentry4.o(.ARM.Collect$$rtentry$$00000004) for .ARM.Collect$$rtentry$$00000004
    rt_locale.o(.text) refers to rt_locale.o(.bss) for __rt_locale_data
    rt_locale_intlibspace.o(.text) refers to libspace.o(.bss) for __libspace_start
    _printf_fp_infnan.o(.text) refers to __printf.o(i.__ARM_common_call_via_r2) for __ARM_common_call_via_r2
    __printf_nopercent.o(.text) refers to __printf_nopercent.o(i.__ARM_common_call_via_r7) for __ARM_common_call_via_r7
    __printf_nopercent.o(.text) refers to __printf_nopercent.o(i.__ARM_common_call_via_r5) for __ARM_common_call_via_r5
    bigflt0.o(.text) refers (Special) to usenofp.o(x$fpl$usenofp) for __I$use$fp
    bigflt0.o(.text) refers to aeabi_sdiv.o(.text) for __aeabi_idivmod
    bigflt0.o(.text) refers to btod.o(CL$$btod_emul) for _btod_emul
    bigflt0.o(.text) refers to btod.o(CL$$btod_ediv) for _btod_ediv
    bigflt0.o(.text) refers to bigflt0.o(.constdata) for .constdata
    bigflt0.o(.constdata) refers (Special) to usenofp.o(x$fpl$usenofp) for __I$use$fp
    btod.o(CL$$btod_d2e) refers (Special) to usenofp.o(x$fpl$usenofp) for __I$use$fp
    btod.o(CL$$btod_d2e) refers to btod.o(CL$$btod_d2e_norm_op1) for _d2e_norm_op1
    btod.o(CL$$btod_d2e_norm_op1) refers (Special) to usenofp.o(x$fpl$usenofp) for __I$use$fp
    btod.o(CL$$btod_d2e_norm_op1) refers to btod.o(CL$$btod_d2e_denorm_low) for _d2e_denorm_low
    btod.o(CL$$btod_d2e_denorm_low) refers (Special) to usenofp.o(x$fpl$usenofp) for __I$use$fp
    btod.o(CL$$btod_emul) refers (Special) to usenofp.o(x$fpl$usenofp) for __I$use$fp
    btod.o(CL$$btod_emul) refers to btod.o(CL$$btod_mult_common) for __btod_mult_common
    btod.o(CL$$btod_emul) refers to btod.o(CL$$btod_e2e) for _e2e
    btod.o(CL$$btod_ediv) refers (Special) to usenofp.o(x$fpl$usenofp) for __I$use$fp
    btod.o(CL$$btod_ediv) refers to btod.o(CL$$btod_div_common) for __btod_div_common
    btod.o(CL$$btod_ediv) refers to btod.o(CL$$btod_e2e) for _e2e
    btod.o(CL$$btod_emuld) refers (Special) to usenofp.o(x$fpl$usenofp) for __I$use$fp
    btod.o(CL$$btod_emuld) refers to btod.o(CL$$btod_mult_common) for __btod_mult_common
    btod.o(CL$$btod_emuld) refers to btod.o(CL$$btod_e2d) for _e2d
    btod.o(CL$$btod_edivd) refers (Special) to usenofp.o(x$fpl$usenofp) for __I$use$fp
    btod.o(CL$$btod_edivd) refers to btod.o(CL$$btod_div_common) for __btod_div_common
    btod.o(CL$$btod_edivd) refers to btod.o(CL$$btod_e2d) for _e2d
    btod.o(CL$$btod_e2e) refers (Special) to usenofp.o(x$fpl$usenofp) for __I$use$fp
    btod.o(CL$$btod_e2d) refers (Special) to usenofp.o(x$fpl$usenofp) for __I$use$fp
    btod.o(CL$$btod_e2d) refers to btod.o(CL$$btod_e2e) for _e2e
    btod.o(CL$$btod_mult_common) refers (Special) to usenofp.o(x$fpl$usenofp) for __I$use$fp
    btod.o(CL$$btod_div_common) refers (Special) to usenofp.o(x$fpl$usenofp) for __I$use$fp
    lc_numeric_c.o(locale$$data) refers (Special) to libinit2.o(.ARM.Collect$$libinit$$00000012) for __rt_lib_init_lc_numeric_2
    lc_numeric_c.o(locale$$code) refers (Special) to libinit2.o(.ARM.Collect$$libinit$$00000012) for __rt_lib_init_lc_numeric_2
    lc_numeric_c.o(locale$$code) refers to strcmp.o(.text) for strcmp
    lc_numeric_c.o(locale$$code) refers to lc_numeric_c.o(locale$$data) for __lcnum_c_name
    istatus.o(x$fpl$ieeestatus) refers (Special) to usenofp.o(x$fpl$usenofp) for __I$use$fp
    retnan.o(x$fpl$retnan) refers (Special) to usenofp.o(x$fpl$usenofp) for __I$use$fp
    retnan.o(x$fpl$retnan) refers to trapv.o(x$fpl$trapveneer) for __fpl_cmpreturn
    fpclassify.o(i.__ARM_fpclassify) refers (Special) to usenofp.o(x$fpl$usenofp) for __I$use$fp
    libspace.o(.text) refers to libspace.o(.bss) for __libspace_start
    sys_stackheap_outer.o(.text) refers to libspace.o(.text) for __user_perproc_libspace
    sys_stackheap_outer.o(.text) refers to startup.o(.text) for __user_initial_stackheap
    exit.o(.text) refers to rtexit.o(.ARM.Collect$$rtexit$$00000000) for __rt_exit
    aeabi_sdiv.o(.text_udiv) refers to aeabi_sdiv.o(.text) for __arm_div4
    aeabi_sdiv_div0.o(.text_udiv) refers to aeabi_sdiv_div0.o(.text) for __arm_div4
    libinit.o(.ARM.Collect$$libinit$$00000000) refers (Special) to libinit2.o(.ARM.Collect$$libinit$$0000002A) for __rt_lib_init_alloca_1
    libinit.o(.ARM.Collect$$libinit$$00000000) refers (Special) to libinit2.o(.ARM.Collect$$libinit$$00000028) for __rt_lib_init_argv_1
    libinit.o(.ARM.Collect$$libinit$$00000000) refers (Special) to libinit2.o(.ARM.Collect$$libinit$$00000017) for __rt_lib_init_atexit_1
    libinit.o(.ARM.Collect$$libinit$$00000000) refers (Special) to libinit2.o(.ARM.Collect$$libinit$$0000001D) for __rt_lib_init_clock_1
    libinit.o(.ARM.Collect$$libinit$$00000000) refers (Special) to libinit2.o(.ARM.Collect$$libinit$$0000002E) for __rt_lib_init_cpp_1
    libinit.o(.ARM.Collect$$libinit$$00000000) refers (Special) to libinit2.o(.ARM.Collect$$libinit$$0000002C) for __rt_lib_init_exceptions_1
    libinit.o(.ARM.Collect$$libinit$$00000000) refers (Special) to libinit2.o(.ARM.Collect$$libinit$$0000001B) for __rt_lib_init_fp_trap_1
    libinit.o(.ARM.Collect$$libinit$$00000000) refers (Special) to libinit2.o(.ARM.Collect$$libinit$$0000001F) for __rt_lib_init_getenv_1
    libinit.o(.ARM.Collect$$libinit$$00000000) refers (Special) to libinit2.o(.ARM.Collect$$libinit$$00000006) for __rt_lib_init_heap_1
    libinit.o(.ARM.Collect$$libinit$$00000000) refers (Special) to libinit2.o(.ARM.Collect$$libinit$$0000000D) for __rt_lib_init_lc_collate_1
    libinit.o(.ARM.Collect$$libinit$$00000000) refers (Special) to libinit2.o(.ARM.Collect$$libinit$$0000000F) for __rt_lib_init_lc_ctype_1
    libinit.o(.ARM.Collect$$libinit$$00000000) refers (Special) to libinit2.o(.ARM.Collect$$libinit$$00000011) for __rt_lib_init_lc_monetary_1
    libinit.o(.ARM.Collect$$libinit$$00000000) refers (Special) to libinit2.o(.ARM.Collect$$libinit$$00000013) for __rt_lib_init_lc_numeric_1
    libinit.o(.ARM.Collect$$libinit$$00000000) refers (Special) to libinit2.o(.ARM.Collect$$libinit$$00000015) for __rt_lib_init_lc_time_1
    libinit.o(.ARM.Collect$$libinit$$00000000) refers (Special) to libinit2.o(.ARM.Collect$$libinit$$0000000A) for __rt_lib_init_rand_1
    libinit.o(.ARM.Collect$$libinit$$00000000) refers (Special) to libinit2.o(.ARM.Collect$$libinit$$0000002F) for __rt_lib_init_return
    libinit.o(.ARM.Collect$$libinit$$00000000) refers (Special) to libinit2.o(.ARM.Collect$$libinit$$00000019) for __rt_lib_init_signal_1
    libinit.o(.ARM.Collect$$libinit$$00000000) refers (Special) to libinit2.o(.ARM.Collect$$libinit$$00000021) for __rt_lib_init_stdio_1
    libinit.o(.ARM.Collect$$libinit$$00000000) refers (Special) to libinit2.o(.ARM.Collect$$libinit$$00000008) for __rt_lib_init_user_alloc_1
    libinit.o(.ARM.Collect$$libinit$$00000000) refers to fpinit.o(x$fpl$fpinit) for _fp_init
    libinit2.o(.ARM.Collect$$libinit$$0000000B) refers (Weak) to rt_locale_intlibspace.o(.text) for __rt_locale
    libinit2.o(.ARM.Collect$$libinit$$0000000C) refers to libinit2.o(.ARM.Collect$$libinit$$0000000B) for .ARM.Collect$$libinit$$0000000B
    libinit2.o(.ARM.Collect$$libinit$$0000000E) refers to libinit2.o(.ARM.Collect$$libinit$$0000000B) for .ARM.Collect$$libinit$$0000000B
    libinit2.o(.ARM.Collect$$libinit$$00000010) refers to libinit2.o(.ARM.Collect$$libinit$$0000000B) for .ARM.Collect$$libinit$$0000000B
    libinit2.o(.ARM.Collect$$libinit$$00000012) refers to libinit2.o(.ARM.Collect$$libinit$$0000000B) for .ARM.Collect$$libinit$$0000000B
    libinit2.o(.ARM.Collect$$libinit$$00000012) refers (Weak) to lc_numeric_c.o(locale$$code) for _get_lc_numeric
    libinit2.o(.ARM.Collect$$libinit$$00000014) refers to libinit2.o(.ARM.Collect$$libinit$$0000000B) for .ARM.Collect$$libinit$$0000000B
    libinit2.o(.ARM.Collect$$libinit$$00000022) refers to argv_veneer.o(.emb_text) for __ARM_argv_veneer
    libinit2.o(.ARM.Collect$$libinit$$00000023) refers to argv_veneer.o(.emb_text) for __ARM_argv_veneer
    trapv.o(x$fpl$trapveneer) refers (Special) to usenofp.o(x$fpl$usenofp) for __I$use$fp
    rtexit.o(.ARM.Collect$$rtexit$$00000000) refers (Special) to rtexit2.o(.ARM.Collect$$rtexit$$00000004) for __rt_exit_exit
    rtexit.o(.ARM.Collect$$rtexit$$00000000) refers (Special) to rtexit2.o(.ARM.Collect$$rtexit$$00000003) for __rt_exit_ls
    rtexit.o(.ARM.Collect$$rtexit$$00000000) refers (Special) to rtexit2.o(.ARM.Collect$$rtexit$$00000002) for __rt_exit_prels_1
    rtexit.o(.ARM.exidx) refers (Special) to rtexit2.o(.ARM.Collect$$rtexit$$00000004) for __rt_exit_exit
    rtexit.o(.ARM.exidx) refers (Special) to rtexit2.o(.ARM.Collect$$rtexit$$00000003) for __rt_exit_ls
    rtexit.o(.ARM.exidx) refers (Special) to rtexit2.o(.ARM.Collect$$rtexit$$00000002) for __rt_exit_prels_1
    rtexit.o(.ARM.exidx) refers to rtexit.o(.ARM.Collect$$rtexit$$00000000) for .ARM.Collect$$rtexit$$00000000
    aeabi_idiv0_sigfpe.o(.text) refers to rt_div0.o(.text) for __rt_div0
    argv_veneer.o(.emb_text) refers to no_argv.o(.text) for __ARM_get_argv
    fpinit.o(x$fpl$fpinit) refers to rt_fp_status_addr_intlibspace.o(.text) for __rt_fp_status_addr
    rtexit2.o(.ARM.Collect$$rtexit$$00000003) refers to libshutdown.o(.ARM.Collect$$libshutdown$$00000000) for __rt_lib_shutdown
    rtexit2.o(.ARM.Collect$$rtexit$$00000004) refers to sys_exit.o(.text) for _sys_exit
    rtexit2.o(.ARM.exidx) refers to rtexit2.o(.ARM.Collect$$rtexit$$00000001) for .ARM.Collect$$rtexit$$00000001
    rtexit2.o(.ARM.exidx) refers to rtexit2.o(.ARM.Collect$$rtexit$$00000002) for .ARM.Collect$$rtexit$$00000002
    rtexit2.o(.ARM.exidx) refers to rtexit2.o(.ARM.Collect$$rtexit$$00000003) for .ARM.Collect$$rtexit$$00000003
    rtexit2.o(.ARM.exidx) refers to rtexit2.o(.ARM.Collect$$rtexit$$00000004) for .ARM.Collect$$rtexit$$00000004
    rt_div0.o(.text) refers to defsig_fpe_outer.o(.text) for __rt_SIGFPE
    rt_fp_status_addr.o(.text) refers to rt_fp_status_addr.o(.bss) for __rt_fp_status_addr_data
    rt_fp_status_addr_intlibspace.o(.text) refers to libspace.o(.bss) for __libspace_start
    _get_argv_nomalloc.o(.text) refers (Special) to hrguard.o(.text) for __heap_region$guard
    _get_argv_nomalloc.o(.text) refers to defsig_rtmem_outer.o(.text) for __rt_SIGRTMEM
    _get_argv_nomalloc.o(.text) refers to sys_command.o(.text) for _sys_command_string
    sys_command.o(.text) refers (Special) to use_no_semi.o(.text) for __I$use$semihosting
    sys_exit.o(.text) refers to use_no_semi.o(.text) for __I$use$semihosting
    defsig_fpe_outer.o(.text) refers to defsig_fpe_inner.o(.text) for __rt_SIGFPE_inner
    defsig_fpe_outer.o(.text) refers to defsig_exit.o(.text) for __sig_exit
    defsig_fpe_formal.o(.text) refers to rt_raise.o(.text) for __rt_raise
    defsig_rtmem_outer.o(.text) refers to defsig_rtmem_inner.o(.text) for __rt_SIGRTMEM_inner
    defsig_rtmem_outer.o(.text) refers to defsig_exit.o(.text) for __sig_exit
    defsig_rtmem_formal.o(.text) refers to rt_raise.o(.text) for __rt_raise
    libshutdown.o(.ARM.Collect$$libshutdown$$00000000) refers (Special) to libshutdown2.o(.ARM.Collect$$libshutdown$$00000006) for __rt_lib_shutdown_fp_trap_1
    libshutdown.o(.ARM.Collect$$libshutdown$$00000000) refers (Special) to libshutdown2.o(.ARM.Collect$$libshutdown$$0000000E) for __rt_lib_shutdown_heap_1
    libshutdown.o(.ARM.Collect$$libshutdown$$00000000) refers (Special) to libshutdown2.o(.ARM.Collect$$libshutdown$$0000000F) for __rt_lib_shutdown_return
    libshutdown.o(.ARM.Collect$$libshutdown$$00000000) refers (Special) to libshutdown2.o(.ARM.Collect$$libshutdown$$00000009) for __rt_lib_shutdown_signal_1
    libshutdown.o(.ARM.Collect$$libshutdown$$00000000) refers (Special) to libshutdown2.o(.ARM.Collect$$libshutdown$$00000003) for __rt_lib_shutdown_stdio_1
    libshutdown.o(.ARM.Collect$$libshutdown$$00000000) refers (Special) to libshutdown2.o(.ARM.Collect$$libshutdown$$0000000B) for __rt_lib_shutdown_user_alloc_1
    rt_raise.o(.text) refers to __raise.o(.text) for __raise
    rt_raise.o(.text) refers to sys_exit.o(.text) for _sys_exit
    defsig_exit.o(.text) refers to sys_exit.o(.text) for _sys_exit
    defsig_fpe_inner.o(.text) refers to defsig_general.o(.text) for __default_signal_display
    defsig_rtmem_inner.o(.text) refers to defsig_general.o(.text) for __default_signal_display
    __raise.o(.text) refers to defsig.o(CL$$defsig) for __default_signal_handler
    __raise.o(.text) refers to __printf.o(i.__ARM_common_call_via_r2) for __ARM_common_call_via_r2
    defsig_general.o(.text) refers to sys_wrch.o(.text) for _ttywrch
    sys_wrch.o(.text) refers (Special) to use_no_semi.o(.text) for __I$use$semihosting
    defsig.o(CL$$defsig) refers to defsig_fpe_inner.o(.text) for __rt_SIGFPE_inner
    defsig.o(CL$$defsig) refers to defsig_rtmem_inner.o(.text) for __rt_SIGRTMEM_inner
    defsig_abrt_inner.o(.text) refers to defsig_general.o(.text) for __default_signal_display
    defsig_rtred_inner.o(.text) refers to defsig_general.o(.text) for __default_signal_display
    defsig_stak_inner.o(.text) refers to defsig_general.o(.text) for __default_signal_display
    defsig_pvfn_inner.o(.text) refers to defsig_general.o(.text) for __default_signal_display
    defsig_cppl_inner.o(.text) refers to defsig_general.o(.text) for __default_signal_display
    defsig_segv_inner.o(.text) refers to defsig_general.o(.text) for __default_signal_display
    defsig_other.o(.text) refers to defsig_general.o(.text) for __default_signal_display


==============================================================================

Adding Veneers to the image

    Adding TA veneer (4 bytes, Inline) for call to '_printf_percent' from __printf.o(.text).
    Adding AT veneer (8 bytes, Inline) for call to '__rt_lib_init' from rtentry2.o(.ARM.Collect$$rtentry$$0000000A).
    Adding AT veneer (8 bytes, Inline) for call to '__rt_lib_shutdown' from rtexit2.o(.ARM.Collect$$rtexit$$00000003).
    Adding TA veneer (4 bytes, Inline) for call to '__rt_exit' from exit.o(.text).
    Adding AT veneer (8 bytes, Inline) for call to '__2sprintf' from main.o(.text).
    Adding AT veneer (8 bytes, Inline) for call to '_printf_int_dec' from _printf_d.o(.ARM.Collect$$_printf_percent$$00000009).
    Adding TA veneer (4 bytes, Inline) for call to '__rt_udiv10' from _printf_dec.o(.text).
    Adding TA veneer (4 bytes, Inline) for call to '__rt_locale' from libinit2.o(.ARM.Collect$$libinit$$0000000B).
    Adding TA veneer (4 bytes, Inline) for call to '_ll_udiv10' from _printf_fp_dec.o(.text).
    Adding TA veneer (4 bytes, Inline) for call to '__aeabi_idivmod' from bigflt0.o(.text).
    Adding TA veneer (4 bytes, Inline) for call to '_btod_d2e' from _printf_fp_dec.o(.text).
    Adding TA veneer (4 bytes, Inline) for call to '_btod_ediv' from _printf_fp_dec.o(.text).
    Adding TA veneer (4 bytes, Inline) for call to '_btod_emul' from _printf_fp_dec.o(.text).
    Adding AT veneer (12 bytes, Long) for call to '_printf_fp_dec_real' from printf1.o(x$fpl$printf1).
    Adding TA veneer (4 bytes, Inline) for call to '__ARM_fpclassify' from _printf_fp_dec.o(.text).
    Adding TA veneer (4 bytes, Inline) for call to '_get_lc_numeric' from libinit2.o(.ARM.Collect$$libinit$$00000012).
    Adding TA veneer (4 bytes, Inline) for call to '_fp_init' from libinit.o(.ARM.Collect$$libinit$$00000000).
    Adding TA veneer (4 bytes, Inline) for call to '__ieee_status' from _printf_fp_dec.o(.text).

18 Veneer(s) (total 96 bytes) added to the image.

==============================================================================

Image Symbol Table

    Local Symbols

    Symbol Name                              Value     Ov Type        Size  Object(Section)

    RESET                                    0x00000000   Section      272  startup.o(RESET)
    ../../angel/boardlib.s                   0x00000000   Number         0  boardshut.o ABSOLUTE
    ../../angel/boardlib.s                   0x00000000   Number         0  boardinit1.o ABSOLUTE
    ../../angel/boardlib.s                   0x00000000   Number         0  boardinit2.o ABSOLUTE
    ../../angel/boardlib.s                   0x00000000   Number         0  boardinit3.o ABSOLUTE
    ../../angel/handlers.s                   0x00000000   Number         0  __scatter_zi.o ABSOLUTE
    ../../angel/kernel.s                     0x00000000   Number         0  rtentry2.o ABSOLUTE
    ../../angel/kernel.s                     0x00000000   Number         0  rtexit2.o ABSOLUTE
    ../../angel/kernel.s                     0x00000000   Number         0  rtexit.o ABSOLUTE
    ../../angel/kernel.s                     0x00000000   Number         0  rtentry.o ABSOLUTE
    ../../angel/kernel.s                     0x00000000   Number         0  rtentry4.o ABSOLUTE
    ../../angel/rt.s                         0x00000000   Number         0  aeabi_idiv0_sigfpe.o ABSOLUTE
    ../../angel/rt.s                         0x00000000   Number         0  rt_raise.o ABSOLUTE
    ../../angel/rt.s                         0x00000000   Number         0  rt_locale.o ABSOLUTE
    ../../angel/rt.s                         0x00000000   Number         0  rt_locale_intlibspace.o ABSOLUTE
    ../../angel/rt.s                         0x00000000   Number         0  aeabi_idiv0.o ABSOLUTE
    ../../angel/rt.s                         0x00000000   Number         0  rt_fp_status_addr.o ABSOLUTE
    ../../angel/rt.s                         0x00000000   Number         0  rt_div0.o ABSOLUTE
    ../../angel/rt.s                         0x00000000   Number         0  rt_fp_status_addr_intlibspace.o ABSOLUTE
    ../../angel/scatter.s                    0x00000000   Number         0  __scatter.o ABSOLUTE
    ../../angel/startup.s                    0x00000000   Number         0  __main.o ABSOLUTE
    ../../angel/sys.s                        0x00000000   Number         0  use_no_semi.o ABSOLUTE
    ../../angel/sys.s                        0x00000000   Number         0  sys_exit.o ABSOLUTE
    ../../angel/sys.s                        0x00000000   Number         0  sys_stackheap_outer.o ABSOLUTE
    ../../angel/sys.s                        0x00000000   Number         0  libspace.o ABSOLUTE
    ../../angel/sysapp.c                     0x00000000   Number         0  sys_wrch.o ABSOLUTE
    ../../angel/sysapp.c                     0x00000000   Number         0  sys_command.o ABSOLUTE
    ../../armsys.c                           0x00000000   Number         0  argv_veneer.o ABSOLUTE
    ../../armsys.c                           0x00000000   Number         0  argv_veneer.o ABSOLUTE
    ../../armsys.c                           0x00000000   Number         0  _get_argv_nomalloc.o ABSOLUTE
    ../../armsys.c                           0x00000000   Number         0  no_argv.o ABSOLUTE
    ../../bigflt.c                           0x00000000   Number         0  bigflt0.o ABSOLUTE
    ../../btod.s                             0x00000000   Number         0  btod.o ABSOLUTE
    ../../d2f.s                              0x00000000   Number         0  d2f.o ABSOLUTE
    ../../dcheck.s                           0x00000000   Number         0  dcheck.o ABSOLUTE
    ../../dcheck1.s                          0x00000000   Number         0  dcheck1.o ABSOLUTE
    ../../ddiv.s                             0x00000000   Number         0  ddiv.o ABSOLUTE
    ../../dflt.s                             0x00000000   Number         0  dflt_noclz.o ABSOLUTE
    ../../division.s                         0x00000000   Number         0  aeabi_sdiv_div0.o ABSOLUTE
    ../../division.s                         0x00000000   Number         0  rtudiv10.o ABSOLUTE
    ../../division.s                         0x00000000   Number         0  aeabi_sdiv.o ABSOLUTE
    ../../divrt.s                            0x00000000   Number         0  divrt_7tdmi.o ABSOLUTE
    ../../divrt.s                            0x00000000   Number         0  divrt_7tdmi_div0.o ABSOLUTE
    ../../dmul.s                             0x00000000   Number         0  dmul.o ABSOLUTE
    ../../dunder.s                           0x00000000   Number         0  dunder.o ABSOLUTE
    ../../f2d.s                              0x00000000   Number         0  f2d.o ABSOLUTE
    ../../fcheck.s                           0x00000000   Number         0  fcheck.o ABSOLUTE
    ../../fcheck1.s                          0x00000000   Number         0  fcheck1.o ABSOLUTE
    ../../fmul.s                             0x00000000   Number         0  fmul.o ABSOLUTE
    ../../fnorm2.s                           0x00000000   Number         0  fnorm2_noclz.o ABSOLUTE
    ../../fpclassify.c                       0x00000000   Number         0  fpclassify.o ABSOLUTE
    ../../fpinit.s                           0x00000000   Number         0  fpinit.o ABSOLUTE
    ../../funder.s                           0x00000000   Number         0  funder.o ABSOLUTE
    ../../heapalloc.c                        0x00000000   Number         0  hrguard.o ABSOLUTE
    ../../heapaux.c                          0x00000000   Number         0  heapauxi.o ABSOLUTE
    ../../istatus.s                          0x00000000   Number         0  istatus.o ABSOLUTE
    ../../libinit.s                          0x00000000   Number         0  libinit2.o ABSOLUTE
    ../../libinit.s                          0x00000000   Number         0  libshutdown.o ABSOLUTE
    ../../libinit.s                          0x00000000   Number         0  libshutdown2.o ABSOLUTE
    ../../libinit.s                          0x00000000   Number         0  libinit.o ABSOLUTE
    ../../locale.s                           0x00000000   Number         0  lc_numeric_c.o ABSOLUTE
    ../../longlong.s                         0x00000000   Number         0  lludiv10.o ABSOLUTE
    ../../memcpset.s                         0x00000000   Number         0  strcmp.o ABSOLUTE
    ../../printf.c                           0x00000000   Number         0  _printf_dec.o ABSOLUTE
    ../../printf.c                           0x00000000   Number         0  __printf_flags_ss.o ABSOLUTE
    ../../printf.c                           0x00000000   Number         0  __printf_ss.o ABSOLUTE
    ../../printf.c                           0x00000000   Number         0  _printf_fp_dec.o ABSOLUTE
    ../../printf.c                           0x00000000   Number         0  __printf.o ABSOLUTE
    ../../printf.c                           0x00000000   Number         0  noretval__2sprintf.o ABSOLUTE
    ../../printf.c                           0x00000000   Number         0  __2sprintf.o ABSOLUTE
    ../../printf.c                           0x00000000   Number         0  __printf_flags_ss_wp.o ABSOLUTE
    ../../printf.c                           0x00000000   Number         0  _printf_char_common.o ABSOLUTE
    ../../printf.c                           0x00000000   Number         0  _printf_intcommon.o ABSOLUTE
    ../../printf.c                           0x00000000   Number         0  _printf_fp_infnan.o ABSOLUTE
    ../../printf.c                           0x00000000   Number         0  __printf_nopercent.o ABSOLUTE
    ../../printf.c                           0x00000000   Number         0  _sputc.o ABSOLUTE
    ../../printf.c                           0x00000000   Number         0  __printf_flags_wp.o ABSOLUTE
    ../../printf.c                           0x00000000   Number         0  __printf_ss_wp.o ABSOLUTE
    ../../printf.c                           0x00000000   Number         0  __printf_wp.o ABSOLUTE
    ../../printf.c                           0x00000000   Number         0  __printf_flags.o ABSOLUTE
    ../../printf1.s                          0x00000000   Number         0  printf1.o ABSOLUTE
    ../../printf_percent.s                   0x00000000   Number         0  _printf_percent_end.o ABSOLUTE
    ../../printf_percent.s                   0x00000000   Number         0  _printf_d.o ABSOLUTE
    ../../printf_percent.s                   0x00000000   Number         0  _printf_f.o ABSOLUTE
    ../../printf_percent.s                   0x00000000   Number         0  _printf_percent.o ABSOLUTE
    ../../retnan.s                           0x00000000   Number         0  retnan.o ABSOLUTE
    ../../signal.c                           0x00000000   Number         0  defsig_other.o ABSOLUTE
    ../../signal.c                           0x00000000   Number         0  defsig_rtmem_formal.o ABSOLUTE
    ../../signal.c                           0x00000000   Number         0  defsig_stak_inner.o ABSOLUTE
    ../../signal.c                           0x00000000   Number         0  defsig_rtmem_outer.o ABSOLUTE
    ../../signal.c                           0x00000000   Number         0  defsig_rtred_inner.o ABSOLUTE
    ../../signal.c                           0x00000000   Number         0  defsig_abrt_inner.o ABSOLUTE
    ../../signal.c                           0x00000000   Number         0  defsig_segv_inner.o ABSOLUTE
    ../../signal.c                           0x00000000   Number         0  defsig_fpe_formal.o ABSOLUTE
    ../../signal.c                           0x00000000   Number         0  defsig_exit.o ABSOLUTE
    ../../signal.c                           0x00000000   Number         0  defsig_fpe_outer.o ABSOLUTE
    ../../signal.c                           0x00000000   Number         0  defsig_fpe_inner.o ABSOLUTE
    ../../signal.c                           0x00000000   Number         0  defsig_rtmem_inner.o ABSOLUTE
    ../../signal.c                           0x00000000   Number         0  __raise.o ABSOLUTE
    ../../signal.c                           0x00000000   Number         0  defsig_general.o ABSOLUTE
    ../../signal.c                           0x00000000   Number         0  defsig_pvfn_inner.o ABSOLUTE
    ../../signal.c                           0x00000000   Number         0  defsig_cppl_inner.o ABSOLUTE
    ../../signal.s                           0x00000000   Number         0  defsig.o ABSOLUTE
    ../../stdlib.c                           0x00000000   Number         0  exit.o ABSOLUTE
    ../../trapv.s                            0x00000000   Number         0  trapv.o ABSOLUTE
    ../../usenofp.s                          0x00000000   Number         0  usenofp.o ABSOLUTE
    Startup.s                                0x00000000   Number         0  startup.o ABSOLUTE
    adc.c                                    0x00000000   Number         0  adc.o ABSOLUTE
    dc.s                                     0x00000000   Number         0  dc.o ABSOLUTE
    delay.c                                  0x00000000   Number         0  delay.o ABSOLUTE
    lcd.c                                    0x00000000   Number         0  lcd.o ABSOLUTE
    main.c                                   0x00000000   Number         0  main.o ABSOLUTE
    uart.c                                   0x00000000   Number         0  uart.o ABSOLUTE
    Undef_Handler                            0x00000040   ARM Code       4  startup.o(RESET)
    SWI_Handler                              0x00000044   ARM Code       4  startup.o(RESET)
    PAbt_Handler                             0x00000048   ARM Code       4  startup.o(RESET)
    DAbt_Handler                             0x0000004c   ARM Code       4  startup.o(RESET)
    IRQ_Handler                              0x00000050   ARM Code       4  startup.o(RESET)
    FIQ_Handler                              0x00000054   ARM Code       4  startup.o(RESET)
    !!!main                                  0x00000110   Section        8  __main.o(!!!main)
    !!!scatter                               0x00000118   Section       60  __scatter.o(!!!scatter)
    !!handler_zi                             0x00000154   Section       44  __scatter_zi.o(!!handler_zi)
    .ARM.Collect$$_printf_percent$$00000000  0x00000184   Section        0  _printf_percent.o(.ARM.Collect$$_printf_percent$$00000000)
    .ARM.Collect$$_printf_percent$$00000003  0x00000184   Section        8  _printf_f.o(.ARM.Collect$$_printf_percent$$00000003)
    .ARM.Collect$$_printf_percent$$00000009  0x0000018c   Section        8  _printf_d.o(.ARM.Collect$$_printf_percent$$00000009)
    .ARM.Collect$$_printf_percent$$00000017  0x00000194   Section        8  _printf_percent_end.o(.ARM.Collect$$_printf_percent$$00000017)
    .ARM.Collect$$libinit$$00000000          0x000001a4   Section        6  libinit.o(.ARM.Collect$$libinit$$00000000)
    .ARM.Collect$$libinit$$00000006          0x000001aa   Section        0  libinit2.o(.ARM.Collect$$libinit$$00000006)
    .ARM.Collect$$libinit$$00000008          0x000001aa   Section        0  libinit2.o(.ARM.Collect$$libinit$$00000008)
    .ARM.Collect$$libinit$$0000000A          0x000001aa   Section        0  libinit2.o(.ARM.Collect$$libinit$$0000000A)
    .ARM.Collect$$libinit$$0000000B          0x000001aa   Section        6  libinit2.o(.ARM.Collect$$libinit$$0000000B)
    .ARM.Collect$$libinit$$0000000D          0x000001b0   Section        0  libinit2.o(.ARM.Collect$$libinit$$0000000D)
    .ARM.Collect$$libinit$$0000000F          0x000001b0   Section        0  libinit2.o(.ARM.Collect$$libinit$$0000000F)
    .ARM.Collect$$libinit$$00000011          0x000001b0   Section        0  libinit2.o(.ARM.Collect$$libinit$$00000011)
    .ARM.Collect$$libinit$$00000012          0x000001b0   Section       10  libinit2.o(.ARM.Collect$$libinit$$00000012)
    .ARM.Collect$$libinit$$00000013          0x000001ba   Section        0  libinit2.o(.ARM.Collect$$libinit$$00000013)
    .ARM.Collect$$libinit$$00000015          0x000001ba   Section        0  libinit2.o(.ARM.Collect$$libinit$$00000015)
    .ARM.Collect$$libinit$$00000017          0x000001ba   Section        0  libinit2.o(.ARM.Collect$$libinit$$00000017)
    .ARM.Collect$$libinit$$00000019          0x000001ba   Section        0  libinit2.o(.ARM.Collect$$libinit$$00000019)
    .ARM.Collect$$libinit$$0000001B          0x000001ba   Section        0  libinit2.o(.ARM.Collect$$libinit$$0000001B)
    .ARM.Collect$$libinit$$0000001D          0x000001ba   Section        0  libinit2.o(.ARM.Collect$$libinit$$0000001D)
    .ARM.Collect$$libinit$$0000001F          0x000001ba   Section        0  libinit2.o(.ARM.Collect$$libinit$$0000001F)
    .ARM.Collect$$libinit$$00000021          0x000001ba   Section        0  libinit2.o(.ARM.Collect$$libinit$$00000021)
    .ARM.Collect$$libinit$$00000028          0x000001ba   Section        0  libinit2.o(.ARM.Collect$$libinit$$00000028)
    .ARM.Collect$$libinit$$0000002A          0x000001ba   Section        0  libinit2.o(.ARM.Collect$$libinit$$0000002A)
    .ARM.Collect$$libinit$$0000002C          0x000001ba   Section        0  libinit2.o(.ARM.Collect$$libinit$$0000002C)
    .ARM.Collect$$libinit$$0000002E          0x000001ba   Section        0  libinit2.o(.ARM.Collect$$libinit$$0000002E)
    .ARM.Collect$$libinit$$0000002F          0x000001ba   Section       12  libinit2.o(.ARM.Collect$$libinit$$0000002F)
    .ARM.Collect$$libshutdown$$00000000      0x000001d0   Section        4  libshutdown.o(.ARM.Collect$$libshutdown$$00000000)
    .ARM.Collect$$libshutdown$$00000003      0x000001d4   Section        0  libshutdown2.o(.ARM.Collect$$libshutdown$$00000003)
    .ARM.Collect$$libshutdown$$00000006      0x000001d4   Section        0  libshutdown2.o(.ARM.Collect$$libshutdown$$00000006)
    .ARM.Collect$$libshutdown$$00000009      0x000001d4   Section        0  libshutdown2.o(.ARM.Collect$$libshutdown$$00000009)
    .ARM.Collect$$libshutdown$$0000000B      0x000001d4   Section        0  libshutdown2.o(.ARM.Collect$$libshutdown$$0000000B)
    .ARM.Collect$$libshutdown$$0000000E      0x000001d4   Section        0  libshutdown2.o(.ARM.Collect$$libshutdown$$0000000E)
    .ARM.Collect$$libshutdown$$0000000F      0x000001d4   Section        6  libshutdown2.o(.ARM.Collect$$libshutdown$$0000000F)
    .ARM.Collect$$rtentry$$00000000          0x000001dc   Section        0  rtentry.o(.ARM.Collect$$rtentry$$00000000)
    .ARM.Collect$$rtentry$$00000002          0x000001dc   Section        0  rtentry2.o(.ARM.Collect$$rtentry$$00000002)
    .ARM.Collect$$rtentry$$00000004          0x000001dc   Section        8  rtentry4.o(.ARM.Collect$$rtentry$$00000004)
    .ARM.Collect$$rtentry$$00000009          0x000001e4   Section        0  rtentry2.o(.ARM.Collect$$rtentry$$00000009)
    .ARM.Collect$$rtentry$$0000000A          0x000001e4   Section        4  rtentry2.o(.ARM.Collect$$rtentry$$0000000A)
    .ARM.Collect$$rtentry$$0000000C          0x000001e8   Section        0  rtentry2.o(.ARM.Collect$$rtentry$$0000000C)
    .ARM.Collect$$rtentry$$0000000D          0x000001e8   Section       40  rtentry2.o(.ARM.Collect$$rtentry$$0000000D)
    .ARM.Collect$$rtexit$$00000000           0x00000214   Section        4  rtexit.o(.ARM.Collect$$rtexit$$00000000)
    .ARM.Collect$$rtexit$$00000002           0x00000218   Section        0  rtexit2.o(.ARM.Collect$$rtexit$$00000002)
    .ARM.Collect$$rtexit$$00000003           0x00000218   Section        4  rtexit2.o(.ARM.Collect$$rtexit$$00000003)
    .ARM.Collect$$rtexit$$00000004           0x0000021c   Section        8  rtexit2.o(.ARM.Collect$$rtexit$$00000004)
    .text                                    0x00000224   Section       32  startup.o(.text)
    .text                                    0x00000244   Section        0  main.o(.text)
    .text                                    0x000006e4   Section        0  uart.o(.text)
    .text                                    0x00000878   Section        0  lcd.o(.text)
    .text                                    0x00000c34   Section        0  delay.o(.text)
    .text                                    0x00000c70   Section        0  adc.o(.text)
    .text                                    0x00000d70   Section        0  noretval__2sprintf.o(.text)
    .text                                    0x00000d98   Section        0  __printf.o(.text)
    .text                                    0x00000e18   Section        0  _printf_dec.o(.text)
    .text                                    0x00000e88   Section        0  heapauxi.o(.text)
    .text                                    0x00000e8e   Section        0  _printf_intcommon.o(.text)
    .text                                    0x00000f44   Section        0  _printf_fp_dec.o(.text)
    _fp_digits                               0x00000f47   Thumb Code   482  _printf_fp_dec.o(.text)
    .text                                    0x0000139c   Section        0  _printf_char_common.o(.text)
    _printf_input_char                       0x0000139d   Thumb Code    10  _printf_char_common.o(.text)
    .text                                    0x000013d0   Section        0  _sputc.o(.text)
    .text                                    0x000013e0   Section       44  rtudiv10.o(.text)
    .text                                    0x00001410   Section       16  rt_locale_intlibspace.o(.text)
    .text                                    0x00001424   Section      160  lludiv10.o(.text)
    .text                                    0x000014c4   Section        0  _printf_fp_infnan.o(.text)
    .text                                    0x00001550   Section        0  bigflt0.o(.text)
    .text                                    0x00001618   Section       12  libspace.o(.text)
    .text                                    0x00001624   Section       96  sys_stackheap_outer.o(.text)
    .text                                    0x00001684   Section        0  exit.o(.text)
    .text                                    0x00001690   Section      160  strcmp.o(.text)
    .text                                    0x00001734   Section      384  aeabi_sdiv.o(.text)
    __arm_div8                               0x00001760   ARM Code       0  aeabi_sdiv.o(.text)
    __arm_div4                               0x00001790   ARM Code       0  aeabi_sdiv.o(.text)
    __arm_div_large                          0x000017e4   ARM Code       0  aeabi_sdiv.o(.text)
    .text                                    0x000018b4   Section       16  rt_fp_status_addr_intlibspace.o(.text)
    .text                                    0x000018c4   Section       24  sys_exit.o(.text)
    .text                                    0x000018dc   Section        4  use_no_semi.o(.text)
    CL$$btod_d2e                             0x000018e4   Section       56  btod.o(CL$$btod_d2e)
    CL$$btod_d2e_denorm_low                  0x0000191c   Section       84  btod.o(CL$$btod_d2e_denorm_low)
    CL$$btod_d2e_norm_op1                    0x00001970   Section      104  btod.o(CL$$btod_d2e_norm_op1)
    CL$$btod_div_common                      0x000019d8   Section      844  btod.o(CL$$btod_div_common)
    CL$$btod_e2e                             0x00001d24   Section      220  btod.o(CL$$btod_e2e)
    CL$$btod_ediv                            0x00001e04   Section       52  btod.o(CL$$btod_ediv)
    CL$$btod_emul                            0x00001e3c   Section       52  btod.o(CL$$btod_emul)
    CL$$btod_mult_common                     0x00001e70   Section      616  btod.o(CL$$btod_mult_common)
    i.__ARM_common_call_via_r1               0x000020e4   Section        0  __printf.o(i.__ARM_common_call_via_r1)
    i.__ARM_common_call_via_r2               0x000020e6   Section        0  __printf.o(i.__ARM_common_call_via_r2)
    i.__ARM_fpclassify                       0x000020ec   Section        0  fpclassify.o(i.__ARM_fpclassify)
    locale$$code                             0x00002120   Section       80  lc_numeric_c.o(locale$$code)
    x$fpl$d2f                                0x00002170   Section      172  d2f.o(x$fpl$d2f)
    x$fpl$dcheck                             0x0000221c   Section       16  dcheck.o(x$fpl$dcheck)
    x$fpl$dcheck1                            0x0000222c   Section       16  dcheck1.o(x$fpl$dcheck1)
    x$fpl$ddiv                               0x0000223c   Section     1116  ddiv.o(x$fpl$ddiv)
    ddiv_entry                               0x00002240   ARM Code       0  ddiv.o(x$fpl$ddiv)
    x$fpl$dflt                               0x00002698   Section       88  dflt_noclz.o(x$fpl$dflt)
    x$fpl$dfltu                              0x000026f0   Section       12  dflt_noclz.o(x$fpl$dfltu)
    x$fpl$dmul                               0x000026fc   Section      476  dmul.o(x$fpl$dmul)
    x$fpl$dunder                             0x000028d8   Section      280  dunder.o(x$fpl$dunder)
    x$fpl$f2d                                0x000029f0   Section      100  f2d.o(x$fpl$f2d)
    x$fpl$fcheck                             0x00002a54   Section       12  fcheck.o(x$fpl$fcheck)
    x$fpl$fcheck1                            0x00002a60   Section       12  fcheck1.o(x$fpl$fcheck1)
    x$fpl$fmul                               0x00002a6c   Section      264  fmul.o(x$fpl$fmul)
    x$fpl$fnorm2                             0x00002b74   Section      148  fnorm2_noclz.o(x$fpl$fnorm2)
    x$fpl$fpinit                             0x00002c0c   Section       24  fpinit.o(x$fpl$fpinit)
    x$fpl$funder                             0x00002c24   Section      148  funder.o(x$fpl$funder)
    x$fpl$ieeestatus                         0x00002cbc   Section        8  istatus.o(x$fpl$ieeestatus)
    x$fpl$printf1                            0x00002cc4   Section        4  printf1.o(x$fpl$printf1)
    x$fpl$retnan                             0x00002cc8   Section      116  retnan.o(x$fpl$retnan)
    x$fpl$trapveneer                         0x00002d3c   Section       60  trapv.o(x$fpl$trapveneer)
    .constdata                               0x00002d78   Section      148  bigflt0.o(.constdata)
    x$fpl$usenofp                            0x00002d78   Section        0  usenofp.o(x$fpl$usenofp)
    tenpwrs_x                                0x00002d78   Data          60  bigflt0.o(.constdata)
    tenpwrs_i                                0x00002db4   Data          64  bigflt0.o(.constdata)
    locale$$data                             0x00002e1c   Section       28  lc_numeric_c.o(locale$$data)
    __lcnum_c_name                           0x00002e20   Data           2  lc_numeric_c.o(locale$$data)
    __lcnum_c_start                          0x00002e28   Data           0  lc_numeric_c.o(locale$$data)
    __lcnum_c_point                          0x00002e34   Data           0  lc_numeric_c.o(locale$$data)
    __lcnum_c_thousands                      0x00002e36   Data           0  lc_numeric_c.o(locale$$data)
    __lcnum_c_grouping                       0x00002e37   Data           0  lc_numeric_c.o(locale$$data)
    __lcnum_c_end                            0x00002e38   Data           0  lc_numeric_c.o(locale$$data)
    .bss                                     0x40000000   Section       96  libspace.o(.bss)
    HEAP                                     0x40000060   Section        0  startup.o(HEAP)
    STACK                                    0x40000060   Section     1160  startup.o(STACK)
    Heap_Mem                                 0x40000060   Data           0  startup.o(HEAP)
    Stack_Mem                                0x40000060   Data        1024  startup.o(STACK)
    Stack_Top                                0x400004e8   Data           0  startup.o(STACK)

    Global Symbols

    Symbol Name                              Value     Ov Type        Size  Object(Section)

    BuildAttributes$$THM_ISAv1$ARM_ISAv4$S$PE$A:L22$X:L11$S22$IEEE1$IW$USESV6$~STKCKD$USESV7$~SHL$OTIME$ROPI$IEEEJ$EBA8$UX$STANDARDLIB$REQ8$PRES8$EABIv2 0x00000000   Number         0  anon$$obj.o ABSOLUTE
    __ARM_use_no_argv                        0x00000000   Number         0  main.o ABSOLUTE
    __ARM_exceptions_init                     - Undefined Weak Reference
    __alloca_initialize                       - Undefined Weak Reference
    __cpp_initialize__aeabi_                  - Undefined Weak Reference
    __cxa_finalize                            - Undefined Weak Reference
    __fpl_infinity                            - Undefined Weak Reference
    __sigvec_lookup                           - Undefined Weak Reference
    _atexit_init                              - Undefined Weak Reference
    _call_atexit_fns                          - Undefined Weak Reference
    _clock_init                               - Undefined Weak Reference
    _fp_trap_init                             - Undefined Weak Reference
    _fp_trap_shutdown                         - Undefined Weak Reference
    _get_lc_collate                           - Undefined Weak Reference
    _get_lc_ctype                             - Undefined Weak Reference
    _get_lc_monetary                          - Undefined Weak Reference
    _get_lc_time                              - Undefined Weak Reference
    _getenv_init                              - Undefined Weak Reference
    _handle_redirection                       - Undefined Weak Reference
    _init_alloc                               - Undefined Weak Reference
    _init_user_alloc                          - Undefined Weak Reference
    _initio                                   - Undefined Weak Reference
    _printf_post_padding                      - Undefined Weak Reference
    _printf_pre_padding                       - Undefined Weak Reference
    _printf_truncate_signed                   - Undefined Weak Reference
    _printf_truncate_unsigned                 - Undefined Weak Reference
    _rand_init                                - Undefined Weak Reference
    _signal_finish                            - Undefined Weak Reference
    _signal_init                              - Undefined Weak Reference
    _terminate_alloc                          - Undefined Weak Reference
    _terminate_user_alloc                     - Undefined Weak Reference
    _terminateio                              - Undefined Weak Reference
    Reset_Handler                            0x00000058   ARM Code       0  startup.o(RESET)
    __main                                   0x00000110   ARM Code       8  __main.o(!!!main)
    __scatterload                            0x00000118   ARM Code       0  __scatter.o(!!!scatter)
    __scatterload_rt2                        0x00000118   ARM Code      52  __scatter.o(!!!scatter)
    __scatterload_null                       0x0000012c   ARM Code       0  __scatter.o(!!!scatter)
    __scatterload_zeroinit                   0x00000154   ARM Code      44  __scatter_zi.o(!!handler_zi)
    Inline Thumb to ARM Veneer to _printf_percent 0x00000181   Thumb Code     4  _printf_percent.o(.ARM.Collect$$_printf_percent$$00000000)
    _printf_f                                0x00000184   ARM Code       0  _printf_f.o(.ARM.Collect$$_printf_percent$$00000003)
    _printf_percent                          0x00000184   ARM Code       0  _printf_percent.o(.ARM.Collect$$_printf_percent$$00000000)
    _printf_d                                0x0000018c   ARM Code       0  _printf_d.o(.ARM.Collect$$_printf_percent$$00000009)
    _printf_percent_end                      0x00000194   ARM Code       0  _printf_percent_end.o(.ARM.Collect$$_printf_percent$$00000017)
    Inline ARM to Thumb Veneer to __rt_lib_init 0x0000019c   ARM Code       8  libinit.o(.ARM.Collect$$libinit$$00000000)
    __rt_lib_init                            0x000001a5   Thumb Code     0  libinit.o(.ARM.Collect$$libinit$$00000000)
    __rt_lib_init_heap_1                     0x000001ab   Thumb Code     0  libinit2.o(.ARM.Collect$$libinit$$00000006)
    __rt_lib_init_lc_common                  0x000001ab   Thumb Code     0  libinit2.o(.ARM.Collect$$libinit$$0000000B)
    __rt_lib_init_rand_1                     0x000001ab   Thumb Code     0  libinit2.o(.ARM.Collect$$libinit$$0000000A)
    __rt_lib_init_user_alloc_1               0x000001ab   Thumb Code     0  libinit2.o(.ARM.Collect$$libinit$$00000008)
    __rt_lib_init_lc_collate_1               0x000001b1   Thumb Code     0  libinit2.o(.ARM.Collect$$libinit$$0000000D)
    __rt_lib_init_lc_ctype_1                 0x000001b1   Thumb Code     0  libinit2.o(.ARM.Collect$$libinit$$0000000F)
    __rt_lib_init_lc_monetary_1              0x000001b1   Thumb Code     0  libinit2.o(.ARM.Collect$$libinit$$00000011)
    __rt_lib_init_lc_numeric_2               0x000001b1   Thumb Code     0  libinit2.o(.ARM.Collect$$libinit$$00000012)
    __rt_lib_init_alloca_1                   0x000001bb   Thumb Code     0  libinit2.o(.ARM.Collect$$libinit$$0000002A)
    __rt_lib_init_argv_1                     0x000001bb   Thumb Code     0  libinit2.o(.ARM.Collect$$libinit$$00000028)
    __rt_lib_init_atexit_1                   0x000001bb   Thumb Code     0  libinit2.o(.ARM.Collect$$libinit$$00000017)
    __rt_lib_init_clock_1                    0x000001bb   Thumb Code     0  libinit2.o(.ARM.Collect$$libinit$$0000001D)
    __rt_lib_init_cpp_1                      0x000001bb   Thumb Code     0  libinit2.o(.ARM.Collect$$libinit$$0000002E)
    __rt_lib_init_exceptions_1               0x000001bb   Thumb Code     0  libinit2.o(.ARM.Collect$$libinit$$0000002C)
    __rt_lib_init_fp_trap_1                  0x000001bb   Thumb Code     0  libinit2.o(.ARM.Collect$$libinit$$0000001B)
    __rt_lib_init_getenv_1                   0x000001bb   Thumb Code     0  libinit2.o(.ARM.Collect$$libinit$$0000001F)
    __rt_lib_init_lc_numeric_1               0x000001bb   Thumb Code     0  libinit2.o(.ARM.Collect$$libinit$$00000013)
    __rt_lib_init_lc_time_1                  0x000001bb   Thumb Code     0  libinit2.o(.ARM.Collect$$libinit$$00000015)
    __rt_lib_init_return                     0x000001bb   Thumb Code     0  libinit2.o(.ARM.Collect$$libinit$$0000002F)
    __rt_lib_init_signal_1                   0x000001bb   Thumb Code     0  libinit2.o(.ARM.Collect$$libinit$$00000019)
    __rt_lib_init_stdio_1                    0x000001bb   Thumb Code     0  libinit2.o(.ARM.Collect$$libinit$$00000021)
    Inline ARM to Thumb Veneer to __rt_lib_shutdown 0x000001c8   ARM Code       8  libshutdown.o(.ARM.Collect$$libshutdown$$00000000)
    __rt_lib_shutdown                        0x000001d1   Thumb Code     0  libshutdown.o(.ARM.Collect$$libshutdown$$00000000)
    __rt_lib_shutdown_fp_trap_1              0x000001d5   Thumb Code     0  libshutdown2.o(.ARM.Collect$$libshutdown$$00000006)
    __rt_lib_shutdown_heap_1                 0x000001d5   Thumb Code     0  libshutdown2.o(.ARM.Collect$$libshutdown$$0000000E)
    __rt_lib_shutdown_return                 0x000001d5   Thumb Code     0  libshutdown2.o(.ARM.Collect$$libshutdown$$0000000F)
    __rt_lib_shutdown_signal_1               0x000001d5   Thumb Code     0  libshutdown2.o(.ARM.Collect$$libshutdown$$00000009)
    __rt_lib_shutdown_stdio_1                0x000001d5   Thumb Code     0  libshutdown2.o(.ARM.Collect$$libshutdown$$00000003)
    __rt_lib_shutdown_user_alloc_1           0x000001d5   Thumb Code     0  libshutdown2.o(.ARM.Collect$$libshutdown$$0000000B)
    __rt_entry                               0x000001dc   ARM Code       0  rtentry.o(.ARM.Collect$$rtentry$$00000000)
    __rt_entry_presh_1                       0x000001dc   ARM Code       0  rtentry2.o(.ARM.Collect$$rtentry$$00000002)
    __rt_entry_sh                            0x000001dc   ARM Code       0  rtentry4.o(.ARM.Collect$$rtentry$$00000004)
    __rt_entry_li                            0x000001e4   ARM Code       0  rtentry2.o(.ARM.Collect$$rtentry$$0000000A)
    __rt_entry_postsh_1                      0x000001e4   ARM Code       0  rtentry2.o(.ARM.Collect$$rtentry$$00000009)
    __rt_entry_main                          0x000001e8   ARM Code       0  rtentry2.o(.ARM.Collect$$rtentry$$0000000D)
    __rt_entry_postli_1                      0x000001e8   ARM Code       0  rtentry2.o(.ARM.Collect$$rtentry$$0000000C)
    Inline Thumb to ARM Veneer to __rt_exit  0x00000211   Thumb Code     4  rtexit.o(.ARM.Collect$$rtexit$$00000000)
    __rt_exit                                0x00000214   ARM Code       0  rtexit.o(.ARM.Collect$$rtexit$$00000000)
    __rt_exit_ls                             0x00000218   ARM Code       0  rtexit2.o(.ARM.Collect$$rtexit$$00000003)
    __rt_exit_prels_1                        0x00000218   ARM Code       0  rtexit2.o(.ARM.Collect$$rtexit$$00000002)
    __rt_exit_exit                           0x0000021c   ARM Code       0  rtexit2.o(.ARM.Collect$$rtexit$$00000004)
    __user_initial_stackheap                 0x00000224   ARM Code       0  startup.o(.text)
    motor_stop                               0x00000244   ARM Code      72  main.o(.text)
    motor_F                                  0x0000028c   ARM Code      72  main.o(.text)
    motor_RE                                 0x000002d4   ARM Code      72  main.o(.text)
    motor_L                                  0x0000031c   ARM Code      72  main.o(.text)
    motor_R                                  0x00000364   ARM Code      72  main.o(.text)
    putSLcd                                  0x000003ac   ARM Code      40  main.o(.text)
    process_adc1                             0x000003d4   ARM Code     272  main.o(.text)
    DTMF                                     0x000004e4   ARM Code     124  main.o(.text)
    main                                     0x00000560   ARM Code     388  main.o(.text)
    sendchar                                 0x000006e4   ARM Code      80  uart.o(.text)
    uart0_getkey                             0x00000734   ARM Code      32  uart.o(.text)
    uart1_getkey                             0x00000754   ARM Code      32  uart.o(.text)
    uart1_init                               0x00000774   ARM Code      52  uart.o(.text)
    uart1_putc                               0x000007a8   ARM Code      32  uart.o(.text)
    uart1_puts                               0x000007c8   ARM Code      40  uart.o(.text)
    uart0_init                               0x000007f0   ARM Code      52  uart.o(.text)
    uart0_putc                               0x00000824   ARM Code      32  uart.o(.text)
    uart0_puts                               0x00000844   ARM Code      40  uart.o(.text)
    delay_1                                  0x00000878   ARM Code      52  lcd.o(.text)
    wait_lcd                                 0x000008ac   ARM Code     128  lcd.o(.text)
    lcd_command_write                        0x0000092c   ARM Code     216  lcd.o(.text)
    set_lcd_port_output                      0x00000a04   ARM Code      56  lcd.o(.text)
    lcd_clear                                0x00000a3c   ARM Code      20  lcd.o(.text)
    lcd_gotoxy                               0x00000a50   ARM Code      96  lcd.o(.text)
    lcd_data_write                           0x00000ab0   ARM Code     164  lcd.o(.text)
    lcd_putchar                              0x00000b54   ARM Code      24  lcd.o(.text)
    lcd_putstring                            0x00000b6c   ARM Code      84  lcd.o(.text)
    init_lcd                                 0x00000bc0   ARM Code      56  lcd.o(.text)
    test_cmd                                 0x00000bf8   ARM Code      52  lcd.o(.text)
    delay                                    0x00000c34   ARM Code      56  delay.o(.text)
    init_adc0                                0x00000c70   ARM Code      48  adc.o(.text)
    init_adc1                                0x00000ca0   ARM Code       4  adc.o(.text)
    adc_read                                 0x00000ca4   ARM Code     180  adc.o(.text)
    Inline ARM to Thumb Veneer to __2sprintf 0x00000d68   ARM Code       8  noretval__2sprintf.o(.text)
    __2sprintf                               0x00000d71   Thumb Code    36  noretval__2sprintf.o(.text)
    __printf                                 0x00000d99   Thumb Code   120  __printf.o(.text)
    Inline ARM to Thumb Veneer to _printf_int_dec 0x00000e10   ARM Code       8  _printf_dec.o(.text)
    _printf_int_dec                          0x00000e19   Thumb Code    94  _printf_dec.o(.text)
    __use_two_region_memory                  0x00000e89   Thumb Code     2  heapauxi.o(.text)
    __rt_heap_escrow$2region                 0x00000e8b   Thumb Code     2  heapauxi.o(.text)
    __rt_heap_expand$2region                 0x00000e8d   Thumb Code     2  heapauxi.o(.text)
    _printf_int_common                       0x00000e8f   Thumb Code   182  _printf_intcommon.o(.text)
    __lib_sel_fp_printf                      0x00000f45   Thumb Code     2  _printf_fp_dec.o(.text)
    _printf_fp_dec_real                      0x00001129   Thumb Code   616  _printf_fp_dec.o(.text)
    _printf_char_common                      0x000013a7   Thumb Code    38  _printf_char_common.o(.text)
    _sputc                                   0x000013d1   Thumb Code    10  _sputc.o(.text)
    Inline Thumb to ARM Veneer to __rt_udiv10 0x000013dd   Thumb Code     4  rtudiv10.o(.text)
    __rt_udiv10                              0x000013e0   ARM Code      44  rtudiv10.o(.text)
    Inline Thumb to ARM Veneer to __rt_locale 0x0000140d   Thumb Code     4  rt_locale_intlibspace.o(.text)
    __rt_locale                              0x00001410   ARM Code      16  rt_locale_intlibspace.o(.text)
    Inline Thumb to ARM Veneer to _ll_udiv10 0x00001421   Thumb Code     4  lludiv10.o(.text)
    _ll_udiv10                               0x00001424   ARM Code     160  lludiv10.o(.text)
    _printf_fp_infnan                        0x000014c5   Thumb Code   122  _printf_fp_infnan.o(.text)
    _btod_etento                             0x00001551   Thumb Code   196  bigflt0.o(.text)
    __user_libspace                          0x00001618   ARM Code      12  libspace.o(.text)
    __user_perproc_libspace                  0x00001618   ARM Code       0  libspace.o(.text)
    __user_perthread_libspace                0x00001618   ARM Code       0  libspace.o(.text)
    __user_setup_stackheap                   0x00001624   ARM Code      96  sys_stackheap_outer.o(.text)
    exit                                     0x00001685   Thumb Code    12  exit.o(.text)
    strcmp                                   0x00001690   ARM Code     156  strcmp.o(.text)
    Inline Thumb to ARM Veneer to __aeabi_idivmod 0x00001731   Thumb Code     4  aeabi_sdiv.o(.text)
    __aeabi_idiv                             0x00001734   ARM Code       0  aeabi_sdiv.o(.text)
    __aeabi_idivmod                          0x00001734   ARM Code     384  aeabi_sdiv.o(.text)
    __rt_fp_status_addr                      0x000018b4   ARM Code      16  rt_fp_status_addr_intlibspace.o(.text)
    _sys_exit                                0x000018c4   ARM Code      20  sys_exit.o(.text)
    __I$use$semihosting                      0x000018dc   ARM Code       0  use_no_semi.o(.text)
    __use_no_semihosting_swi                 0x000018dc   ARM Code       4  use_no_semi.o(.text)
    Inline Thumb to ARM Veneer to _btod_d2e  0x000018e1   Thumb Code     4  btod.o(CL$$btod_d2e)
    _btod_d2e                                0x000018e4   ARM Code      56  btod.o(CL$$btod_d2e)
    _d2e_denorm_low                          0x0000191c   ARM Code      84  btod.o(CL$$btod_d2e_denorm_low)
    _d2e_norm_op1                            0x00001970   ARM Code     104  btod.o(CL$$btod_d2e_norm_op1)
    __btod_div_common                        0x000019d8   ARM Code     716  btod.o(CL$$btod_div_common)
    _e2e                                     0x00001d24   ARM Code     220  btod.o(CL$$btod_e2e)
    Inline Thumb to ARM Veneer to _btod_ediv 0x00001e01   Thumb Code     4  btod.o(CL$$btod_ediv)
    _btod_ediv                               0x00001e04   ARM Code      52  btod.o(CL$$btod_ediv)
    Inline Thumb to ARM Veneer to _btod_emul 0x00001e39   Thumb Code     4  btod.o(CL$$btod_emul)
    _btod_emul                               0x00001e3c   ARM Code      52  btod.o(CL$$btod_emul)
    __btod_mult_common                       0x00001e70   ARM Code     616  btod.o(CL$$btod_mult_common)
    Long ARM to Thumb Veneer to _printf_fp_dec_real 0x000020d8   ARM Code      12  anon$$obj.o(Veneer$$Code)
    __ARM_common_call_via_r1                 0x000020e5   Thumb Code     2  __printf.o(i.__ARM_common_call_via_r1)
    __ARM_common_call_via_r2                 0x000020e7   Thumb Code     2  __printf.o(i.__ARM_common_call_via_r2)
    Inline Thumb to ARM Veneer to __ARM_fpclassify 0x000020e9   Thumb Code     4  fpclassify.o(i.__ARM_fpclassify)
    __ARM_fpclassify                         0x000020ec   ARM Code      48  fpclassify.o(i.__ARM_fpclassify)
    Inline Thumb to ARM Veneer to _get_lc_numeric 0x0000211d   Thumb Code     4  lc_numeric_c.o(locale$$code)
    _get_lc_numeric                          0x00002120   ARM Code      80  lc_numeric_c.o(locale$$code)
    __aeabi_d2f                              0x00002170   ARM Code       0  d2f.o(x$fpl$d2f)
    _d2f                                     0x00002170   ARM Code     168  d2f.o(x$fpl$d2f)
    __fpl_inf_d2f                            0x00002210   ARM Code       0  d2f.o(x$fpl$d2f)
    __fpl_dcheck_NaN2                        0x0000221c   ARM Code      12  dcheck.o(x$fpl$dcheck)
    __fpl_dcheck_NaN1                        0x0000222c   ARM Code      12  dcheck1.o(x$fpl$dcheck1)
    __aeabi_ddiv                             0x0000223c   ARM Code       0  ddiv.o(x$fpl$ddiv)
    _ddiv                                    0x0000223c   ARM Code     464  ddiv.o(x$fpl$ddiv)
    __fpl_inf_ddiv                           0x000023c8   ARM Code       0  ddiv.o(x$fpl$ddiv)
    _ddiv_mantissas                          0x0000240c   ARM Code     380  ddiv.o(x$fpl$ddiv)
    __aeabi_i2d                              0x00002698   ARM Code       0  dflt_noclz.o(x$fpl$dflt)
    _dflt                                    0x00002698   ARM Code      88  dflt_noclz.o(x$fpl$dflt)
    __dflt_normalise                         0x000026a8   ARM Code       0  dflt_noclz.o(x$fpl$dflt)
    __aeabi_ui2d                             0x000026f0   ARM Code       0  dflt_noclz.o(x$fpl$dfltu)
    _dfltu                                   0x000026f0   ARM Code      12  dflt_noclz.o(x$fpl$dfltu)
    __aeabi_dmul                             0x000026fc   ARM Code       0  dmul.o(x$fpl$dmul)
    _dmul                                    0x000026fc   ARM Code     460  dmul.o(x$fpl$dmul)
    __fpl_inf_dmul                           0x00002894   ARM Code       0  dmul.o(x$fpl$dmul)
    __dunder                                 0x000028d8   ARM Code     276  dunder.o(x$fpl$dunder)
    __dunder_d                               0x000029ec   ARM Code       4  dunder.o(x$fpl$dunder)
    __aeabi_f2d                              0x000029f0   ARM Code       0  f2d.o(x$fpl$f2d)
    _f2d                                     0x000029f0   ARM Code      96  f2d.o(x$fpl$f2d)
    __fpl_inf_f2d                            0x00002a44   ARM Code       0  f2d.o(x$fpl$f2d)
    __fpl_fcheck_NaN2                        0x00002a54   ARM Code       8  fcheck.o(x$fpl$fcheck)
    __fpl_fcheck_NaN1                        0x00002a60   ARM Code       8  fcheck1.o(x$fpl$fcheck1)
    __aeabi_fmul                             0x00002a6c   ARM Code       0  fmul.o(x$fpl$fmul)
    _fmul                                    0x00002a6c   ARM Code     260  fmul.o(x$fpl$fmul)
    __fpl_inf_fmul                           0x00002b54   ARM Code       0  fmul.o(x$fpl$fmul)
    __fpl_normalise2                         0x00002b74   ARM Code     148  fnorm2_noclz.o(x$fpl$fnorm2)
    Inline Thumb to ARM Veneer to _fp_init   0x00002c09   Thumb Code     4  fpinit.o(x$fpl$fpinit)
    _fp_init                                 0x00002c0c   ARM Code      24  fpinit.o(x$fpl$fpinit)
    __fplib_config_pureend_doubles           0x00002c1c   ARM Code       0  fpinit.o(x$fpl$fpinit)
    __funder                                 0x00002c24   ARM Code     144  funder.o(x$fpl$funder)
    __funder_d                               0x00002cb4   ARM Code       4  funder.o(x$fpl$funder)
    Inline Thumb to ARM Veneer to __ieee_status 0x00002cb9   Thumb Code     4  istatus.o(x$fpl$ieeestatus)
    __ieee_status                            0x00002cbc   ARM Code       8  istatus.o(x$fpl$ieeestatus)
    _printf_fp_dec                           0x00002cc4   ARM Code       4  printf1.o(x$fpl$printf1)
    __fpl_return_NaN                         0x00002cc8   ARM Code     116  retnan.o(x$fpl$retnan)
    __fpl_cmpreturn                          0x00002d3c   ARM Code      60  trapv.o(x$fpl$trapveneer)
    __I$use$fp                               0x00002d78   ARM Code       0  usenofp.o(x$fpl$usenofp)
    Region$$Table$$Base                      0x00002e0c   Number         0  anon$$obj.o(Region$$Table)
    Region$$Table$$Limit                     0x00002e1c   Number         0  anon$$obj.o(Region$$Table)
    __libspace_start                         0x40000000   Data          96  libspace.o(.bss)
    __temporary_stack_top$libspace           0x40000060   Data           0  libspace.o(.bss)



==============================================================================

Memory Map of the image

  Image Entry point : 0x00000110

  Load Region LR_IROM1 (Base: 0x00000000, Size: 0x00002e38, Max: 0x00080000, ABSOLUTE)

    Execution Region ER_IROM1 (Base: 0x00000000, Size: 0x00002e38, Max: 0x00080000, ABSOLUTE)

    Base Addr    Size         Type   Attr      Idx    E Section Name        Object

    0x00000000   0x00000110   Code   RO            3    RESET               startup.o
    0x00000110   0x00000008   Code   RO          125  * !!!main             __main.o(c_t.l)
    0x00000118   0x0000003c   Code   RO          410    !!!scatter          __scatter.o(c_t.l)
    0x00000154   0x0000002c   Code   RO          412    !!handler_zi        __scatter_zi.o(c_t.l)
    0x00000180   0x00000004   Ven    RO          122    .ARM.Collect$$_printf_percent$$00000000  _printf_percent.o(c_t.l)
    0x00000184   0x00000000   Code   RO          122    .ARM.Collect$$_printf_percent$$00000000  _printf_percent.o(c_t.l)
    0x00000184   0x00000008   Code   RO          121    .ARM.Collect$$_printf_percent$$00000003  _printf_f.o(c_t.l)
    0x0000018c   0x00000008   Code   RO          120    .ARM.Collect$$_printf_percent$$00000009  _printf_d.o(c_t.l)
    0x00000194   0x00000008   Code   RO          155    .ARM.Collect$$_printf_percent$$00000017  _printf_percent_end.o(c_t.l)
    0x0000019c   0x00000008   Ven    RO          271    .ARM.Collect$$libinit$$00000000  libinit.o(c_t.l)
    0x000001a4   0x00000006   Code   RO          271    .ARM.Collect$$libinit$$00000000  libinit.o(c_t.l)
    0x000001aa   0x00000000   Code   RO          274    .ARM.Collect$$libinit$$00000006  libinit2.o(c_t.l)
    0x000001aa   0x00000000   Code   RO          276    .ARM.Collect$$libinit$$00000008  libinit2.o(c_t.l)
    0x000001aa   0x00000000   Code   RO          278    .ARM.Collect$$libinit$$0000000A  libinit2.o(c_t.l)
    0x000001aa   0x00000006   Code   RO          279    .ARM.Collect$$libinit$$0000000B  libinit2.o(c_t.l)
    0x000001b0   0x00000000   Code   RO          281    .ARM.Collect$$libinit$$0000000D  libinit2.o(c_t.l)
    0x000001b0   0x00000000   Code   RO          283    .ARM.Collect$$libinit$$0000000F  libinit2.o(c_t.l)
    0x000001b0   0x00000000   Code   RO          285    .ARM.Collect$$libinit$$00000011  libinit2.o(c_t.l)
    0x000001b0   0x0000000a   Code   RO          286    .ARM.Collect$$libinit$$00000012  libinit2.o(c_t.l)
    0x000001ba   0x00000000   Code   RO          287    .ARM.Collect$$libinit$$00000013  libinit2.o(c_t.l)
    0x000001ba   0x00000000   Code   RO          289    .ARM.Collect$$libinit$$00000015  libinit2.o(c_t.l)
    0x000001ba   0x00000000   Code   RO          291    .ARM.Collect$$libinit$$00000017  libinit2.o(c_t.l)
    0x000001ba   0x00000000   Code   RO          293    .ARM.Collect$$libinit$$00000019  libinit2.o(c_t.l)
    0x000001ba   0x00000000   Code   RO          295    .ARM.Collect$$libinit$$0000001B  libinit2.o(c_t.l)
    0x000001ba   0x00000000   Code   RO          297    .ARM.Collect$$libinit$$0000001D  libinit2.o(c_t.l)
    0x000001ba   0x00000000   Code   RO          299    .ARM.Collect$$libinit$$0000001F  libinit2.o(c_t.l)
    0x000001ba   0x00000000   Code   RO          301    .ARM.Collect$$libinit$$00000021  libinit2.o(c_t.l)
    0x000001ba   0x00000000   Code   RO          305    .ARM.Collect$$libinit$$00000028  libinit2.o(c_t.l)
    0x000001ba   0x00000000   Code   RO          307    .ARM.Collect$$libinit$$0000002A  libinit2.o(c_t.l)
    0x000001ba   0x00000000   Code   RO          309    .ARM.Collect$$libinit$$0000002C  libinit2.o(c_t.l)
    0x000001ba   0x00000000   Code   RO          311    .ARM.Collect$$libinit$$0000002E  libinit2.o(c_t.l)
    0x000001ba   0x0000000c   Code   RO          312    .ARM.Collect$$libinit$$0000002F  libinit2.o(c_t.l)
    0x000001c6   0x00000002   PAD
    0x000001c8   0x00000008   Ven    RO          360    .ARM.Collect$$libshutdown$$00000000  libshutdown.o(c_t.l)
    0x000001d0   0x00000004   Code   RO          360    .ARM.Collect$$libshutdown$$00000000  libshutdown.o(c_t.l)
    0x000001d4   0x00000000   Code   RO          373    .ARM.Collect$$libshutdown$$00000003  libshutdown2.o(c_t.l)
    0x000001d4   0x00000000   Code   RO          376    .ARM.Collect$$libshutdown$$00000006  libshutdown2.o(c_t.l)
    0x000001d4   0x00000000   Code   RO          379    .ARM.Collect$$libshutdown$$00000009  libshutdown2.o(c_t.l)
    0x000001d4   0x00000000   Code   RO          381    .ARM.Collect$$libshutdown$$0000000B  libshutdown2.o(c_t.l)
    0x000001d4   0x00000000   Code   RO          384    .ARM.Collect$$libshutdown$$0000000E  libshutdown2.o(c_t.l)
    0x000001d4   0x00000006   Code   RO          385    .ARM.Collect$$libshutdown$$0000000F  libshutdown2.o(c_t.l)
    0x000001da   0x00000002   PAD
    0x000001dc   0x00000000   Code   RO          145    .ARM.Collect$$rtentry$$00000000  rtentry.o(c_t.l)
    0x000001dc   0x00000000   Code   RO          174    .ARM.Collect$$rtentry$$00000002  rtentry2.o(c_t.l)
    0x000001dc   0x00000008   Code   RO          189    .ARM.Collect$$rtentry$$00000004  rtentry4.o(c_t.l)
    0x000001e4   0x00000000   Code   RO          176    .ARM.Collect$$rtentry$$00000009  rtentry2.o(c_t.l)
    0x000001e4   0x00000004   Code   RO          177    .ARM.Collect$$rtentry$$0000000A  rtentry2.o(c_t.l)
    0x000001e8   0x00000000   Code   RO          179    .ARM.Collect$$rtentry$$0000000C  rtentry2.o(c_t.l)
    0x000001e8   0x00000028   Code   RO          180    .ARM.Collect$$rtentry$$0000000D  rtentry2.o(c_t.l)
    0x00000210   0x00000004   Ven    RO          315    .ARM.Collect$$rtexit$$00000000  rtexit.o(c_t.l)
    0x00000214   0x00000004   Code   RO          315    .ARM.Collect$$rtexit$$00000000  rtexit.o(c_t.l)
    0x00000218   0x00000000   Code   RO          326    .ARM.Collect$$rtexit$$00000002  rtexit2.o(c_t.l)
    0x00000218   0x00000004   Code   RO          327    .ARM.Collect$$rtexit$$00000003  rtexit2.o(c_t.l)
    0x0000021c   0x00000008   Code   RO          328    .ARM.Collect$$rtexit$$00000004  rtexit2.o(c_t.l)
    0x00000224   0x00000020   Code   RO            4    .text               startup.o
    0x00000244   0x000004a0   Code   RO           11    .text               main.o
    0x000006e4   0x00000194   Code   RO           40    .text               uart.o
    0x00000878   0x000003bc   Code   RO           55    .text               lcd.o
    0x00000c34   0x0000003c   Code   RO           67    .text               delay.o
    0x00000c70   0x000000f8   Code   RO           76    .text               adc.o
    0x00000d68   0x00000008   Ven    RO           92    .text               noretval__2sprintf.o(c_t.l)
    0x00000d70   0x00000028   Code   RO           92    .text               noretval__2sprintf.o(c_t.l)
    0x00000d98   0x00000078   Code   RO           94    .text               __printf.o(c_t.l)
    0x00000e10   0x00000008   Ven    RO          100    .text               _printf_dec.o(c_t.l)
    0x00000e18   0x00000070   Code   RO          100    .text               _printf_dec.o(c_t.l)
    0x00000e88   0x00000006   Code   RO          123    .text               heapauxi.o(c_t.l)
    0x00000e8e   0x000000b6   Code   RO          147    .text               _printf_intcommon.o(c_t.l)
    0x00000f44   0x00000458   Code   RO          149    .text               _printf_fp_dec.o(c_t.l)
    0x0000139c   0x00000034   Code   RO          151    .text               _printf_char_common.o(c_t.l)
    0x000013d0   0x0000000a   Code   RO          153    .text               _sputc.o(c_t.l)
    0x000013da   0x00000002   PAD
    0x000013dc   0x00000004   Ven    RO          156    .text               rtudiv10.o(c_t.l)
    0x000013e0   0x0000002c   Code   RO          156    .text               rtudiv10.o(c_t.l)
    0x0000140c   0x00000004   Ven    RO          194    .text               rt_locale_intlibspace.o(c_t.l)
    0x00001410   0x00000010   Code   RO          194    .text               rt_locale_intlibspace.o(c_t.l)
    0x00001420   0x00000004   Ven    RO          196    .text               lludiv10.o(c_t.l)
    0x00001424   0x000000a0   Code   RO          196    .text               lludiv10.o(c_t.l)
    0x000014c4   0x0000008c   Code   RO          198    .text               _printf_fp_infnan.o(c_t.l)
    0x00001550   0x000000c8   Code   RO          206    .text               bigflt0.o(c_t.l)
    0x00001618   0x0000000c   Code   RO          240    .text               libspace.o(c_t.l)
    0x00001624   0x00000060   Code   RO          243    .text               sys_stackheap_outer.o(c_t.l)
    0x00001684   0x0000000c   Code   RO          245    .text               exit.o(c_t.l)
    0x00001690   0x000000a0   Code   RO          247    .text               strcmp.o(c_t.l)
    0x00001730   0x00000004   Ven    RO          249    .text               aeabi_sdiv.o(c_t.l)
    0x00001734   0x00000180   Code   RO          249    .text               aeabi_sdiv.o(c_t.l)
    0x000018b4   0x00000010   Code   RO          338    .text               rt_fp_status_addr_intlibspace.o(c_t.l)
    0x000018c4   0x00000018   Code   RO          346    .text               sys_exit.o(c_t.l)
    0x000018dc   0x00000004   Code   RO          361    .text               use_no_semi.o(c_t.l)
    0x000018e0   0x00000004   Ven    RO          209    CL$$btod_d2e        btod.o(c_t.l)
    0x000018e4   0x00000038   Code   RO          209    CL$$btod_d2e        btod.o(c_t.l)
    0x0000191c   0x00000054   Code   RO          211    CL$$btod_d2e_denorm_low  btod.o(c_t.l)
    0x00001970   0x00000068   Code   RO          210    CL$$btod_d2e_norm_op1  btod.o(c_t.l)
    0x000019d8   0x0000034c   Code   RO          219    CL$$btod_div_common  btod.o(c_t.l)
    0x00001d24   0x000000dc   Code   RO          216    CL$$btod_e2e        btod.o(c_t.l)
    0x00001e00   0x00000004   Ven    RO          213    CL$$btod_ediv       btod.o(c_t.l)
    0x00001e04   0x00000034   Code   RO          213    CL$$btod_ediv       btod.o(c_t.l)
    0x00001e38   0x00000004   Ven    RO          212    CL$$btod_emul       btod.o(c_t.l)
    0x00001e3c   0x00000034   Code   RO          212    CL$$btod_emul       btod.o(c_t.l)
    0x00001e70   0x00000268   Code   RO          218    CL$$btod_mult_common  btod.o(c_t.l)
    0x000020d8   0x0000000c   Ven    RO          431    Veneer$$Code        anon$$obj.o
    0x000020e4   0x00000002   Code   RO           98    i.__ARM_common_call_via_r1  __printf.o(c_t.l)
    0x000020e6   0x00000002   Code   RO           96    i.__ARM_common_call_via_r2  __printf.o(c_t.l)
    0x000020e8   0x00000004   Ven    RO          238    i.__ARM_fpclassify  fpclassify.o(m_ts.l)
    0x000020ec   0x00000030   Code   RO          238    i.__ARM_fpclassify  fpclassify.o(m_ts.l)
    0x0000211c   0x00000004   Ven    RO          232    locale$$code        lc_numeric_c.o(c_t.l)
    0x00002120   0x00000050   Code   RO          232    locale$$code        lc_numeric_c.o(c_t.l)
    0x00002170   0x000000ac   Code   RO          127    x$fpl$d2f           d2f.o(fz_ts.l)
    0x0000221c   0x00000010   Code   RO          158    x$fpl$dcheck        dcheck.o(fz_ts.l)
    0x0000222c   0x00000010   Code   RO          160    x$fpl$dcheck1       dcheck1.o(fz_ts.l)
    0x0000223c   0x0000045c   Code   RO          130    x$fpl$ddiv          ddiv.o(fz_ts.l)
    0x00002698   0x00000058   Code   RO          134    x$fpl$dflt          dflt_noclz.o(fz_ts.l)
    0x000026f0   0x0000000c   Code   RO          133    x$fpl$dfltu         dflt_noclz.o(fz_ts.l)
    0x000026fc   0x000001dc   Code   RO          137    x$fpl$dmul          dmul.o(fz_ts.l)
    0x000028d8   0x00000118   Code   RO          162    x$fpl$dunder        dunder.o(fz_ts.l)
    0x000029f0   0x00000064   Code   RO          139    x$fpl$f2d           f2d.o(fz_ts.l)
    0x00002a54   0x0000000c   Code   RO          164    x$fpl$fcheck        fcheck.o(fz_ts.l)
    0x00002a60   0x0000000c   Code   RO          166    x$fpl$fcheck1       fcheck1.o(fz_ts.l)
    0x00002a6c   0x00000108   Code   RO          141    x$fpl$fmul          fmul.o(fz_ts.l)
    0x00002b74   0x00000094   Code   RO          168    x$fpl$fnorm2        fnorm2_noclz.o(fz_ts.l)
    0x00002c08   0x00000004   Ven    RO          323    x$fpl$fpinit        fpinit.o(fz_ts.l)
    0x00002c0c   0x00000018   Code   RO          323    x$fpl$fpinit        fpinit.o(fz_ts.l)
    0x00002c24   0x00000094   Code   RO          170    x$fpl$funder        funder.o(fz_ts.l)
    0x00002cb8   0x00000004   Ven    RO          234    x$fpl$ieeestatus    istatus.o(fz_ts.l)
    0x00002cbc   0x00000008   Code   RO          234    x$fpl$ieeestatus    istatus.o(fz_ts.l)
    0x00002cc4   0x00000004   Code   RO          143    x$fpl$printf1       printf1.o(fz_ts.l)
    0x00002cc8   0x00000074   Code   RO          236    x$fpl$retnan        retnan.o(fz_ts.l)
    0x00002d3c   0x0000003c   Code   RO          313    x$fpl$trapveneer    trapv.o(fz_ts.l)
    0x00002d78   0x00000000   Code   RO          172    x$fpl$usenofp       usenofp.o(fz_ts.l)
    0x00002d78   0x00000094   Data   RO          207    .constdata          bigflt0.o(c_t.l)
    0x00002e0c   0x00000010   Data   RO          408    Region$$Table       anon$$obj.o
    0x00002e1c   0x0000001c   Data   RO          231    locale$$data        lc_numeric_c.o(c_t.l)


    Execution Region RW_IRAM1 (Base: 0x40000000, Size: 0x000004e8, Max: 0x00008000, ABSOLUTE)

    Base Addr    Size         Type   Attr      Idx    E Section Name        Object

    0x40000000   0x00000060   Zero   RW          241    .bss                libspace.o(c_t.l)
    0x40000060   0x00000000   Zero   RW            2    HEAP                startup.o
    0x40000060   0x00000488   Zero   RW            1    STACK               startup.o


==============================================================================

Image component sizes


      Code (inc. data)   RO Data    RW Data    ZI Data      Debug   Object Name

       248         16          0          0          0        835   adc.o
        60          4          0          0          0        412   delay.o
       956          8          0          0          0       2553   lcd.o
      1184         96          0          0          0       3193   main.o
       304         60          0          0       1160        448   startup.o
       404         12          0          0          0       1655   uart.o

    ----------------------------------------------------------------------
      3168        200         16          0       1160       9096   Object Totals
        12          4         16          0          0          0   (incl. Generated)
         0          0          0          0          0          2   (incl. Padding)

    ----------------------------------------------------------------------

      Code (inc. data)   RO Data    RW Data    ZI Data      Debug   Library Member Name

         8          0          0          0          0         68   __main.o
       124          0          0          0          0        204   __printf.o
        60          8          0          0          0          0   __scatter.o
        44          0          0          0          0          0   __scatter_zi.o
        52          4          0          0          0        100   _printf_char_common.o
         8          0          0          0          0          0   _printf_d.o
       120         18          0          0          0         84   _printf_dec.o
         8          0          0          0          0          0   _printf_f.o
      1112         12          0          0          0        192   _printf_fp_dec.o
       140         18          0          0          0         84   _printf_fp_infnan.o
       182          0          0          0          0         92   _printf_intcommon.o
         4          0          0          0          0          0   _printf_percent.o
         8          0          0          0          0          0   _printf_percent_end.o
        10          0          0          0          0         60   _sputc.o
       388          0          0          0          0         80   aeabi_sdiv.o
       200          4        148          0          0         92   bigflt0.o
      2040        128          0          0          0        680   btod.o
       172          4          0          0          0         68   d2f.o
        16          4          0          0          0         68   dcheck.o
        16          4          0          0          0         68   dcheck1.o
      1116        272          0          0          0        212   ddiv.o
       100          0          0          0          0        136   dflt_noclz.o
       476         16          0          0          0        128   dmul.o
       280          0          0          0          0         92   dunder.o
        12          0          0          0          0         60   exit.o
       100          4          0          0          0         68   f2d.o
        12          4          0          0          0         68   fcheck.o
        12          4          0          0          0         68   fcheck1.o
       264          4          0          0          0         68   fmul.o
       148          0          0          0          0         68   fnorm2_noclz.o
        52          0          0          0          0         68   fpclassify.o
        28          0          0          0          0         80   fpinit.o
       148          0          0          0          0         84   funder.o
         6          0          0          0          0        132   heapauxi.o
        12          0          0          0          0         68   istatus.o
        84          8         28          0          0         92   lc_numeric_c.o
        14          0          0          0          0          0   libinit.o
        28          0          0          0          0          0   libinit2.o
        12          0          0          0          0          0   libshutdown.o
         6          0          0          0          0          0   libshutdown2.o
        12          4          0          0         96         68   libspace.o
       164          0          0          0          0         92   lludiv10.o
        48          4          0          0          0         84   noretval__2sprintf.o
         4          0          0          0          0         68   printf1.o
       116          0          0          0          0         68   retnan.o
        16          4          0          0          0         68   rt_fp_status_addr_intlibspace.o
        20          4          0          0          0         68   rt_locale_intlibspace.o
         0          0          0          0          0          0   rtentry.o
        44          4          0          0          0          0   rtentry2.o
         8          0          0          0          0          0   rtentry4.o
         8          0          0          0          0          0   rtexit.o
        12          0          0          0          0          0   rtexit2.o
        48          0          0          0          0         68   rtudiv10.o
       160          4          0          0          0         76   strcmp.o
        24          8          0          0          0         68   sys_exit.o
        96          0          0          0          0         80   sys_stackheap_outer.o
        60          0          0          0          0         68   trapv.o
         4          0          0          0          0         68   use_no_semi.o
         0          0          0          0          0          0   usenofp.o

    ----------------------------------------------------------------------
      8472        548        176          0         96       4376   Library Totals
         6          0          0          0          0          0   (incl. Padding)

    ----------------------------------------------------------------------

      Code (inc. data)   RO Data    RW Data    ZI Data      Debug   Library Name

      5334        232        176          0         96       2760   c_t.l
      3080        316          0          0          0       1548   fz_ts.l
        52          0          0          0          0         68   m_ts.l

    ----------------------------------------------------------------------
      8472        548        176          0         96       4376   Library Totals

    ----------------------------------------------------------------------

==============================================================================


      Code (inc. data)   RO Data    RW Data    ZI Data      Debug   

     11640        748        192          0       1256      10628   Grand Totals
     11640        748        192          0       1256      10628   ELF Image Totals
     11640        748        192          0          0          0   ROM Totals

==============================================================================

    Total RO  Size (Code + RO Data)                11832 (  11.55kB)
    Total RW  Size (RW Data + ZI Data)              1256 (   1.23kB)
    Total ROM Size (Code + RO Data + RW Data)      11832 (  11.55kB)

==============================================================================

