<html>
<body>
<pre>
<h1>µVision Build Log</h1>
<h2>Project:</h2>
C:\2015-Projects\2015-PROJECTS\DEC033\madc.uvproj
Project File Date:  03/12/2015

<h2>Output:</h2>
Build target 'Target 1'
assembling Startup.s...
compiling main.c...
main.c(150): warning:  #167-D: argument of type "unsigned char *" is incompatible with parameter of type "char *"
main.c:         GsmPutSSerial(num);
main.c:         ^
main.c(164): warning:  #167-D: argument of type "unsigned char *" is incompatible with parameter of type "char *"
main.c:         GsmPutSSerial( str );           
main.c:         ^
main.c(257): warning:  #167-D: argument of type "unsigned char *" is incompatible with parameter of type "char *"
main.c:       GsmPutSSerial(index);  
main.c:       ^
main.c(270): warning:  #223-D: function "lcd_command_write" declared implicitly
main.c:         lcd_command_write( 0x01 );
main.c:         ^
main.c(276): warning:  #167-D: argument of type "unsigned char *" is incompatible with parameter of type "char *"
main.c:         lcd_putstring(LINE2,0,buf1);
main.c:                               ^
main.c(285): warning:  #167-D: argument of type "unsigned char *" is incompatible with parameter of type "char *restrict"
main.c:                         strcpy(sms,"Vehicle met in accident at\n My Location Is\n Lat:");
main.c:                                ^
main.c(286): warning:  #167-D: argument of type "unsigned char *" is incompatible with parameter of type "char *restrict"
main.c:                         strcat(sms,gpsdata.latitude);
main.c:                                ^
main.c(287): warning:  #167-D: argument of type "unsigned char *" is incompatible with parameter of type "char *restrict"
main.c:                         strcat(sms,"\n LANG:");
main.c:                                ^
main.c(288): warning:  #167-D: argument of type "unsigned char *" is incompatible with parameter of type "char *restrict"
main.c:                         strcat(sms,gpsdata.longitude);
main.c:                                ^
main.c(303): warning:  #167-D: argument of type "unsigned char *" is incompatible with parameter of type "char *restrict"
main.c:                         strcpy(sms,"Vehicle met in accident at\n My Location Is\n Lat:");
main.c:                                ^
main.c(304): warning:  #167-D: argument of type "unsigned char *" is incompatible with parameter of type "char *restrict"
main.c:                         strcat(sms,gpsdata.latitude);
main.c:                                ^
main.c(305): warning:  #167-D: argument of type "unsigned char *" is incompatible with parameter of type "char *restrict"
main.c:                         strcat(sms,"\n LANG:");
main.c:                                ^
main.c(306): warning:  #167-D: argument of type "unsigned char *" is incompatible with parameter of type "char *restrict"
main.c:                         strcat(sms,gpsdata.longitude);
main.c:                                ^
main.c(337): warning:  #223-D: function "lcd_command_write" declared implicitly
main.c:         lcd_command_write(0x01);
main.c:         ^
main.c(383): warning:  #167-D: argument of type "char *" is incompatible with parameter of type "unsigned char *"
main.c:                 putSLcd(gpsdata.latitude); 
main.c:                         ^
main.c(413): warning:  #167-D: argument of type "char *" is incompatible with parameter of type "unsigned char *"
main.c:                 putSLcd(gpsdata.longitude);
main.c:                         ^
main.c(316): warning:  #177-D: variable "BUFF" was declared but never referenced
main.c:     unsigned char BUFF[10];
main.c:                   ^
main.c(317): warning:  #177-D: variable "i" was declared but never referenced
main.c:     int i=0;
main.c:         ^
main.c(570): warning:  #223-D: function "lcd_data_write" declared implicitly
main.c:         for( ;*st ;lcd_data_write(*st++) );
main.c:                    ^
main.c(577): warning:  #223-D: function "lcd_command_write" declared implicitly
main.c:                 lcd_command_write(0x01);
main.c:                 ^
main.c(581): warning:  #167-D: argument of type "unsigned char *" is incompatible with parameter of type "char *restrict"
main.c:                         strcpy(sms,"OBSTACLE IS FOUND\n My Location Is\n Lat:");
main.c:                                ^
main.c(582): warning:  #167-D: argument of type "unsigned char *" is incompatible with parameter of type "char *restrict"
main.c:                         strcat(sms,gpsdata.latitude);
main.c:                                ^
main.c(583): warning:  #167-D: argument of type "unsigned char *" is incompatible with parameter of type "char *restrict"
main.c:                         strcat(sms,"\n LANG:");
main.c:                                ^
main.c(584): warning:  #167-D: argument of type "unsigned char *" is incompatible with parameter of type "char *restrict"
main.c:                         strcat(sms,gpsdata.longitude);
main.c:                                ^
main.c(625): warning:  #167-D: argument of type "unsigned char *" is incompatible with parameter of type "char *"
main.c:            GsmPutSSerial(sms_dat.dat);
main.c:            ^
main.c(659): warning:  #167-D: argument of type "char *" is incompatible with parameter of type "unsigned char *"
main.c:                 putSLcd(gpsdata.latitude);
main.c:                         ^
main.c(663): warning:  #167-D: argument of type "char *" is incompatible with parameter of type "unsigned char *"
main.c:                 putSLcd(gpsdata.longitude);     
main.c:                         ^
main.c(684): warning:  #223-D: function "lcd_command_write" declared implicitly
main.c:                 lcd_command_write(0x01);
main.c:                 ^
main.c(689): warning:  #167-D: argument of type "unsigned char *" is incompatible with parameter of type "const char *"
main.c:             hold = strcmp(sms_dat.dat , "OFF");
main.c:                           ^
main.c(706): warning:  #177-D: variable "buf" was declared but never referenced
main.c:          unsigned char buf[10];
main.c:                        ^
main.c: main.c: 30 warnings, 0 errors
compiling uart.c...
compiling lcd.c...
compiling delay.c...
compiling adc.c...
linking...
Program Size: Code=8788 RO-data=32 RW-data=4 ZI-data=1708  
FromELF: creating hex file...
"333333.axf" - 0 Error(s), 30 Warning(s).
Build target 'Target 1'
assembling Startup.s...
compiling main.c...
main.c(150): warning:  #167-D: argument of type "unsigned char *" is incompatible with parameter of type "char *"
main.c:         GsmPutSSerial(num);
main.c:         ^
main.c(164): warning:  #167-D: argument of type "unsigned char *" is incompatible with parameter of type "char *"
main.c:         GsmPutSSerial( str );           
main.c:         ^
main.c(257): warning:  #167-D: argument of type "unsigned char *" is incompatible with parameter of type "char *"
main.c:       GsmPutSSerial(index);  
main.c:       ^
main.c(270): warning:  #223-D: function "lcd_command_write" declared implicitly
main.c:         lcd_command_write( 0x01 );
main.c:         ^
main.c(276): warning:  #167-D: argument of type "unsigned char *" is incompatible with parameter of type "char *"
main.c:         lcd_putstring(LINE2,0,buf1);
main.c:                               ^
main.c(285): warning:  #167-D: argument of type "unsigned char *" is incompatible with parameter of type "char *restrict"
main.c:                         strcpy(sms,"Vehicle met in accident at\n My Location Is\n Lat:");
main.c:                                ^
main.c(286): warning:  #167-D: argument of type "unsigned char *" is incompatible with parameter of type "char *restrict"
main.c:                         strcat(sms,gpsdata.latitude);
main.c:                                ^
main.c(287): warning:  #167-D: argument of type "unsigned char *" is incompatible with parameter of type "char *restrict"
main.c:                         strcat(sms,"\n LANG:");
main.c:                                ^
main.c(288): warning:  #167-D: argument of type "unsigned char *" is incompatible with parameter of type "char *restrict"
main.c:                         strcat(sms,gpsdata.longitude);
main.c:                                ^
main.c(303): warning:  #167-D: argument of type "unsigned char *" is incompatible with parameter of type "char *restrict"
main.c:                         strcpy(sms,"Vehicle met in accident at\n My Location Is\n Lat:");
main.c:                                ^
main.c(304): warning:  #167-D: argument of type "unsigned char *" is incompatible with parameter of type "char *restrict"
main.c:                         strcat(sms,gpsdata.latitude);
main.c:                                ^
main.c(305): warning:  #167-D: argument of type "unsigned char *" is incompatible with parameter of type "char *restrict"
main.c:                         strcat(sms,"\n LANG:");
main.c:                                ^
main.c(306): warning:  #167-D: argument of type "unsigned char *" is incompatible with parameter of type "char *restrict"
main.c:                         strcat(sms,gpsdata.longitude);
main.c:                                ^
main.c(337): warning:  #223-D: function "lcd_command_write" declared implicitly
main.c:         lcd_command_write(0x01);
main.c:         ^
main.c(383): warning:  #167-D: argument of type "char *" is incompatible with parameter of type "unsigned char *"
main.c:                 putSLcd(gpsdata.latitude); 
main.c:                         ^
main.c(413): warning:  #167-D: argument of type "char *" is incompatible with parameter of type "unsigned char *"
main.c:                 putSLcd(gpsdata.longitude);
main.c:                         ^
main.c(316): warning:  #177-D: variable "BUFF" was declared but never referenced
main.c:     unsigned char BUFF[10];
main.c:                   ^
main.c(317): warning:  #177-D: variable "i" was declared but never referenced
main.c:     int i=0;
main.c:         ^
main.c(570): warning:  #223-D: function "lcd_data_write" declared implicitly
main.c:         for( ;*st ;lcd_data_write(*st++) );
main.c:                    ^
main.c(577): warning:  #223-D: function "lcd_command_write" declared implicitly
main.c:                 lcd_command_write(0x01);
main.c:                 ^
main.c(581): warning:  #167-D: argument of type "unsigned char *" is incompatible with parameter of type "char *restrict"
main.c:                         strcpy(sms,"OBSTACLE IS FOUND\n My Location Is\n Lat:");
main.c:                                ^
main.c(582): warning:  #167-D: argument of type "unsigned char *" is incompatible with parameter of type "char *restrict"
main.c:                         strcat(sms,gpsdata.latitude);
main.c:                                ^
main.c(583): warning:  #167-D: argument of type "unsigned char *" is incompatible with parameter of type "char *restrict"
main.c:                         strcat(sms,"\n LANG:");
main.c:                                ^
main.c(584): warning:  #167-D: argument of type "unsigned char *" is incompatible with parameter of type "char *restrict"
main.c:                         strcat(sms,gpsdata.longitude);
main.c:                                ^
main.c(625): warning:  #167-D: argument of type "unsigned char *" is incompatible with parameter of type "char *"
main.c:            GsmPutSSerial(sms_dat.dat);
main.c:            ^
main.c(659): warning:  #167-D: argument of type "char *" is incompatible with parameter of type "unsigned char *"
main.c:                 putSLcd(gpsdata.latitude);
main.c:                         ^
main.c(663): warning:  #167-D: argument of type "char *" is incompatible with parameter of type "unsigned char *"
main.c:                 putSLcd(gpsdata.longitude);     
main.c:                         ^
main.c(684): warning:  #223-D: function "lcd_command_write" declared implicitly
main.c:                 lcd_command_write(0x01);
main.c:                 ^
main.c(689): warning:  #167-D: argument of type "unsigned char *" is incompatible with parameter of type "const char *"
main.c:             hold = strcmp(sms_dat.dat , "OFF");
main.c:                           ^
main.c(706): warning:  #177-D: variable "buf" was declared but never referenced
main.c:          unsigned char buf[10];
main.c:                        ^
main.c: main.c: 30 warnings, 0 errors
compiling uart.c...
compiling lcd.c...
compiling delay.c...
compiling adc.c...
linking...
Program Size: Code=8788 RO-data=32 RW-data=4 ZI-data=1708  
FromELF: creating hex file...
"333333.axf" - 0 Error(s), 30 Warning(s).
Build target 'Target 1'
assembling Startup.s...
compiling main.c...
main.c(150): warning:  #167-D: argument of type "unsigned char *" is incompatible with parameter of type "char *"
main.c:         GsmPutSSerial(num);
main.c:         ^
main.c(164): warning:  #167-D: argument of type "unsigned char *" is incompatible with parameter of type "char *"
main.c:         GsmPutSSerial( str );           
main.c:         ^
main.c(257): warning:  #167-D: argument of type "unsigned char *" is incompatible with parameter of type "char *"
main.c:       GsmPutSSerial(index);  
main.c:       ^
main.c(270): warning:  #223-D: function "lcd_command_write" declared implicitly
main.c:         lcd_command_write( 0x01 );
main.c:         ^
main.c(276): warning:  #167-D: argument of type "unsigned char *" is incompatible with parameter of type "char *"
main.c:         lcd_putstring(LINE2,0,buf1);
main.c:                               ^
main.c(285): warning:  #167-D: argument of type "unsigned char *" is incompatible with parameter of type "char *restrict"
main.c:                         strcpy(sms,"Vehicle met in accident at\n My Location Is\n Lat:");
main.c:                                ^
main.c(286): warning:  #167-D: argument of type "unsigned char *" is incompatible with parameter of type "char *restrict"
main.c:                         strcat(sms,gpsdata.latitude);
main.c:                                ^
main.c(287): warning:  #167-D: argument of type "unsigned char *" is incompatible with parameter of type "char *restrict"
main.c:                         strcat(sms,"\n LANG:");
main.c:                                ^
main.c(288): warning:  #167-D: argument of type "unsigned char *" is incompatible with parameter of type "char *restrict"
main.c:                         strcat(sms,gpsdata.longitude);
main.c:                                ^
main.c(303): warning:  #167-D: argument of type "unsigned char *" is incompatible with parameter of type "char *restrict"
main.c:                         strcpy(sms,"Vehicle met in accident at\n My Location Is\n Lat:");
main.c:                                ^
main.c(304): warning:  #167-D: argument of type "unsigned char *" is incompatible with parameter of type "char *restrict"
main.c:                         strcat(sms,gpsdata.latitude);
main.c:                                ^
main.c(305): warning:  #167-D: argument of type "unsigned char *" is incompatible with parameter of type "char *restrict"
main.c:                         strcat(sms,"\n LANG:");
main.c:                                ^
main.c(306): warning:  #167-D: argument of type "unsigned char *" is incompatible with parameter of type "char *restrict"
main.c:                         strcat(sms,gpsdata.longitude);
main.c:                                ^
main.c(337): warning:  #223-D: function "lcd_command_write" declared implicitly
main.c:         lcd_command_write(0x01);
main.c:         ^
main.c(383): warning:  #167-D: argument of type "char *" is incompatible with parameter of type "unsigned char *"
main.c:                 putSLcd(gpsdata.latitude); 
main.c:                         ^
main.c(413): warning:  #167-D: argument of type "char *" is incompatible with parameter of type "unsigned char *"
main.c:                 putSLcd(gpsdata.longitude);
main.c:                         ^
main.c(316): warning:  #177-D: variable "BUFF" was declared but never referenced
main.c:     unsigned char BUFF[10];
main.c:                   ^
main.c(317): warning:  #177-D: variable "i" was declared but never referenced
main.c:     int i=0;
main.c:         ^
main.c(570): warning:  #223-D: function "lcd_data_write" declared implicitly
main.c:         for( ;*st ;lcd_data_write(*st++) );
main.c:                    ^
main.c(577): warning:  #223-D: function "lcd_command_write" declared implicitly
main.c:                 lcd_command_write(0x01);
main.c:                 ^
main.c(581): warning:  #167-D: argument of type "unsigned char *" is incompatible with parameter of type "char *restrict"
main.c:                         strcpy(sms,"OBSTACLE IS FOUND\n My Location Is\n Lat:");
main.c:                                ^
main.c(582): warning:  #167-D: argument of type "unsigned char *" is incompatible with parameter of type "char *restrict"
main.c:                         strcat(sms,gpsdata.latitude);
main.c:                                ^
main.c(583): warning:  #167-D: argument of type "unsigned char *" is incompatible with parameter of type "char *restrict"
main.c:                         strcat(sms,"\n LANG:");
main.c:                                ^
main.c(584): warning:  #167-D: argument of type "unsigned char *" is incompatible with parameter of type "char *restrict"
main.c:                         strcat(sms,gpsdata.longitude);
main.c:                                ^
main.c(625): warning:  #167-D: argument of type "unsigned char *" is incompatible with parameter of type "char *"
main.c:            GsmPutSSerial(sms_dat.dat);
main.c:            ^
main.c(659): warning:  #167-D: argument of type "char *" is incompatible with parameter of type "unsigned char *"
main.c:                 putSLcd(gpsdata.latitude);
main.c:                         ^
main.c(663): warning:  #167-D: argument of type "char *" is incompatible with parameter of type "unsigned char *"
main.c:                 putSLcd(gpsdata.longitude);     
main.c:                         ^
main.c(684): warning:  #223-D: function "lcd_command_write" declared implicitly
main.c:                 lcd_command_write(0x01);
main.c:                 ^
main.c(689): warning:  #167-D: argument of type "unsigned char *" is incompatible with parameter of type "const char *"
main.c:             hold = strcmp(sms_dat.dat , "OFF");
main.c:                           ^
main.c(706): warning:  #177-D: variable "buf" was declared but never referenced
main.c:          unsigned char buf[10];
main.c:                        ^
main.c: main.c: 30 warnings, 0 errors
compiling uart.c...
compiling lcd.c...
compiling delay.c...
compiling adc.c...
linking...
Program Size: Code=8788 RO-data=32 RW-data=4 ZI-data=1708  
FromELF: creating hex file...
"333333.axf" - 0 Error(s), 30 Warning(s).
Build target 'Target 1'
assembling Startup.s...
compiling main.c...
main.c(150): warning:  #167-D: argument of type "unsigned char *" is incompatible with parameter of type "char *"
main.c:         GsmPutSSerial(num);
main.c:         ^
main.c(164): warning:  #167-D: argument of type "unsigned char *" is incompatible with parameter of type "char *"
main.c:         GsmPutSSerial( str );           
main.c:         ^
main.c(257): warning:  #167-D: argument of type "unsigned char *" is incompatible with parameter of type "char *"
main.c:       GsmPutSSerial(index);  
main.c:       ^
main.c(270): warning:  #223-D: function "lcd_command_write" declared implicitly
main.c:         lcd_command_write( 0x01 );
main.c:         ^
main.c(276): warning:  #167-D: argument of type "unsigned char *" is incompatible with parameter of type "char *"
main.c:         lcd_putstring(LINE2,0,buf1);
main.c:                               ^
main.c(285): warning:  #167-D: argument of type "unsigned char *" is incompatible with parameter of type "char *restrict"
main.c:                         strcpy(sms,"Vehicle met in accident at\n My Location Is\n Lat:");
main.c:                                ^
main.c(286): warning:  #167-D: argument of type "unsigned char *" is incompatible with parameter of type "char *restrict"
main.c:                         strcat(sms,gpsdata.latitude);
main.c:                                ^
main.c(287): warning:  #167-D: argument of type "unsigned char *" is incompatible with parameter of type "char *restrict"
main.c:                         strcat(sms,"\n LANG:");
main.c:                                ^
main.c(288): warning:  #167-D: argument of type "unsigned char *" is incompatible with parameter of type "char *restrict"
main.c:                         strcat(sms,gpsdata.longitude);
main.c:                                ^
main.c(303): warning:  #167-D: argument of type "unsigned char *" is incompatible with parameter of type "char *restrict"
main.c:                         strcpy(sms,"Vehicle met in accident at\n My Location Is\n Lat:");
main.c:                                ^
main.c(304): warning:  #167-D: argument of type "unsigned char *" is incompatible with parameter of type "char *restrict"
main.c:                         strcat(sms,gpsdata.latitude);
main.c:                                ^
main.c(305): warning:  #167-D: argument of type "unsigned char *" is incompatible with parameter of type "char *restrict"
main.c:                         strcat(sms,"\n LANG:");
main.c:                                ^
main.c(306): warning:  #167-D: argument of type "unsigned char *" is incompatible with parameter of type "char *restrict"
main.c:                         strcat(sms,gpsdata.longitude);
main.c:                                ^
main.c(337): warning:  #223-D: function "lcd_command_write" declared implicitly
main.c:         lcd_command_write(0x01);
main.c:         ^
main.c(383): warning:  #167-D: argument of type "char *" is incompatible with parameter of type "unsigned char *"
main.c:                 putSLcd(gpsdata.latitude); 
main.c:                         ^
main.c(413): warning:  #167-D: argument of type "char *" is incompatible with parameter of type "unsigned char *"
main.c:                 putSLcd(gpsdata.longitude);
main.c:                         ^
main.c(316): warning:  #177-D: variable "BUFF" was declared but never referenced
main.c:     unsigned char BUFF[10];
main.c:                   ^
main.c(317): warning:  #177-D: variable "i" was declared but never referenced
main.c:     int i=0;
main.c:         ^
main.c(570): warning:  #223-D: function "lcd_data_write" declared implicitly
main.c:         for( ;*st ;lcd_data_write(*st++) );
main.c:                    ^
main.c(577): warning:  #223-D: function "lcd_command_write" declared implicitly
main.c:                 lcd_command_write(0x01);
main.c:                 ^
main.c(581): warning:  #167-D: argument of type "unsigned char *" is incompatible with parameter of type "char *restrict"
main.c:                         strcpy(sms,"OBSTACLE IS FOUND\n My Location Is\n Lat:");
main.c:                                ^
main.c(582): warning:  #167-D: argument of type "unsigned char *" is incompatible with parameter of type "char *restrict"
main.c:                         strcat(sms,gpsdata.latitude);
main.c:                                ^
main.c(583): warning:  #167-D: argument of type "unsigned char *" is incompatible with parameter of type "char *restrict"
main.c:                         strcat(sms,"\n LANG:");
main.c:                                ^
main.c(584): warning:  #167-D: argument of type "unsigned char *" is incompatible with parameter of type "char *restrict"
main.c:                         strcat(sms,gpsdata.longitude);
main.c:                                ^
main.c(625): warning:  #167-D: argument of type "unsigned char *" is incompatible with parameter of type "char *"
main.c:            GsmPutSSerial(sms_dat.dat);
main.c:            ^
main.c(659): warning:  #167-D: argument of type "char *" is incompatible with parameter of type "unsigned char *"
main.c:                 putSLcd(gpsdata.latitude);
main.c:                         ^
main.c(663): warning:  #167-D: argument of type "char *" is incompatible with parameter of type "unsigned char *"
main.c:                 putSLcd(gpsdata.longitude);     
main.c:                         ^
main.c(684): warning:  #223-D: function "lcd_command_write" declared implicitly
main.c:                 lcd_command_write(0x01);
main.c:                 ^
main.c(689): warning:  #167-D: argument of type "unsigned char *" is incompatible with parameter of type "const char *"
main.c:             hold = strcmp(sms_dat.dat , "OFF");
main.c:                           ^
main.c(706): warning:  #177-D: variable "buf" was declared but never referenced
main.c:          unsigned char buf[10];
main.c:                        ^
main.c: main.c: 30 warnings, 0 errors
compiling uart.c...
compiling lcd.c...
compiling delay.c...
compiling adc.c...
linking...
Program Size: Code=8788 RO-data=32 RW-data=4 ZI-data=1708  
FromELF: creating hex file...
"333333f.axf" - 0 Error(s), 30 Warning(s).
Build target 'Target 1'
assembling Startup.s...
compiling main.c...
main.c(150): warning:  #167-D: argument of type "unsigned char *" is incompatible with parameter of type "char *"
main.c:         GsmPutSSerial(num);
main.c:         ^
main.c(164): warning:  #167-D: argument of type "unsigned char *" is incompatible with parameter of type "char *"
main.c:         GsmPutSSerial( str );           
main.c:         ^
main.c(257): warning:  #167-D: argument of type "unsigned char *" is incompatible with parameter of type "char *"
main.c:       GsmPutSSerial(index);  
main.c:       ^
main.c(270): warning:  #223-D: function "lcd_command_write" declared implicitly
main.c:         lcd_command_write( 0x01 );
main.c:         ^
main.c(276): warning:  #167-D: argument of type "unsigned char *" is incompatible with parameter of type "char *"
main.c:         lcd_putstring(LINE2,0,buf1);
main.c:                               ^
main.c(285): warning:  #167-D: argument of type "unsigned char *" is incompatible with parameter of type "char *restrict"
main.c:                         strcpy(sms,"Vehicle met in accident at\n My Location Is\n Lat:");
main.c:                                ^
main.c(286): warning:  #167-D: argument of type "unsigned char *" is incompatible with parameter of type "char *restrict"
main.c:                         strcat(sms,gpsdata.latitude);
main.c:                                ^
main.c(287): warning:  #167-D: argument of type "unsigned char *" is incompatible with parameter of type "char *restrict"
main.c:                         strcat(sms,"\n LANG:");
main.c:                                ^
main.c(288): warning:  #167-D: argument of type "unsigned char *" is incompatible with parameter of type "char *restrict"
main.c:                         strcat(sms,gpsdata.longitude);
main.c:                                ^
main.c(303): warning:  #167-D: argument of type "unsigned char *" is incompatible with parameter of type "char *restrict"
main.c:                         strcpy(sms,"Vehicle met in accident at\n My Location Is\n Lat:");
main.c:                                ^
main.c(304): warning:  #167-D: argument of type "unsigned char *" is incompatible with parameter of type "char *restrict"
main.c:                         strcat(sms,gpsdata.latitude);
main.c:                                ^
main.c(305): warning:  #167-D: argument of type "unsigned char *" is incompatible with parameter of type "char *restrict"
main.c:                         strcat(sms,"\n LANG:");
main.c:                                ^
main.c(306): warning:  #167-D: argument of type "unsigned char *" is incompatible with parameter of type "char *restrict"
main.c:                         strcat(sms,gpsdata.longitude);
main.c:                                ^
main.c(337): warning:  #223-D: function "lcd_command_write" declared implicitly
main.c:         lcd_command_write(0x01);
main.c:         ^
main.c(383): warning:  #167-D: argument of type "char *" is incompatible with parameter of type "unsigned char *"
main.c:                 putSLcd(gpsdata.latitude); 
main.c:                         ^
main.c(413): warning:  #167-D: argument of type "char *" is incompatible with parameter of type "unsigned char *"
main.c:                 putSLcd(gpsdata.longitude);
main.c:                         ^
main.c(316): warning:  #177-D: variable "BUFF" was declared but never referenced
main.c:     unsigned char BUFF[10];
main.c:                   ^
main.c(317): warning:  #177-D: variable "i" was declared but never referenced
main.c:     int i=0;
main.c:         ^
main.c(570): warning:  #223-D: function "lcd_data_write" declared implicitly
main.c:         for( ;*st ;lcd_data_write(*st++) );
main.c:                    ^
main.c(577): warning:  #223-D: function "lcd_command_write" declared implicitly
main.c:                 lcd_command_write(0x01);
main.c:                 ^
main.c(581): warning:  #167-D: argument of type "unsigned char *" is incompatible with parameter of type "char *restrict"
main.c:                         strcpy(sms,"OBSTACLE IS FOUND\n My Location Is\n Lat:");
main.c:                                ^
main.c(582): warning:  #167-D: argument of type "unsigned char *" is incompatible with parameter of type "char *restrict"
main.c:                         strcat(sms,gpsdata.latitude);
main.c:                                ^
main.c(583): warning:  #167-D: argument of type "unsigned char *" is incompatible with parameter of type "char *restrict"
main.c:                         strcat(sms,"\n LANG:");
main.c:                                ^
main.c(584): warning:  #167-D: argument of type "unsigned char *" is incompatible with parameter of type "char *restrict"
main.c:                         strcat(sms,gpsdata.longitude);
main.c:                                ^
main.c(625): warning:  #167-D: argument of type "unsigned char *" is incompatible with parameter of type "char *"
main.c:            GsmPutSSerial(sms_dat.dat);
main.c:            ^
main.c(659): warning:  #167-D: argument of type "char *" is incompatible with parameter of type "unsigned char *"
main.c:                 putSLcd(gpsdata.latitude);
main.c:                         ^
main.c(663): warning:  #167-D: argument of type "char *" is incompatible with parameter of type "unsigned char *"
main.c:                 putSLcd(gpsdata.longitude);     
main.c:                         ^
main.c(684): warning:  #223-D: function "lcd_command_write" declared implicitly
main.c:                 lcd_command_write(0x01);
main.c:                 ^
main.c(681): warning:  #177-D: variable "hold" was declared but never referenced
main.c:         unsigned char hold;
main.c:                       ^
main.c(703): warning:  #177-D: variable "buf" was declared but never referenced
main.c:          unsigned char buf[10];
main.c:                        ^
main.c: main.c: 30 warnings, 0 errors
compiling uart.c...
compiling lcd.c...
compiling delay.c...
compiling adc.c...
linking...
Program Size: Code=8740 RO-data=32 RW-data=4 ZI-data=1708  
FromELF: creating hex file...
"333333f.axf" - 0 Error(s), 30 Warning(s).
