<html>
<body>
<pre>
<h1>µVision Build Log</h1>
<h2>Project:</h2>
C:\2015-Projects\2015-PROJECTS\BEC091\madc.uvproj
Project File Date:  02/24/2015

<h2>Output:</h2>
Build target 'Target 1'
assembling Startup.s...
compiling main.c...
main.c(103): warning:  #167-D: argument of type "unsigned char *" is incompatible with parameter of type "char *"
main.c:         GsmPutSSerial(num);
main.c:         ^
main.c(117): warning:  #167-D: argument of type "unsigned char *" is incompatible with parameter of type "char *"
main.c:         GsmPutSSerial( str );           
main.c:         ^
main.c(211): warning:  #167-D: argument of type "unsigned char *" is incompatible with parameter of type "char *"
main.c:       GsmPutSSerial(index);  
main.c:       ^
main.c(248): warning:  #223-D: function "lcd_command_write" declared implicitly
main.c:                 lcd_command_write(0x80);
main.c:                 ^
main.c(250): warning:  #167-D: argument of type "char *" is incompatible with parameter of type "unsigned char *"
main.c:                 putSLcd(gpsdata.latitude);
main.c:                         ^
main.c(253): warning:  #167-D: argument of type "char *" is incompatible with parameter of type "unsigned char *"
main.c:                 putSLcd(gpsdata.longitude);
main.c:                         ^
main.c(313): warning:  #223-D: function "lcd_data_write" declared implicitly
main.c:         for( ;*st ;lcd_data_write(*st++) );
main.c:                    ^
main.c(321): warning:  #223-D: function "lcd_command_write" declared implicitly
main.c:                         lcd_command_write(0x01);
main.c:                         ^
main.c(325): warning:  #167-D: argument of type "unsigned char *" is incompatible with parameter of type "char *restrict"
main.c:                         strcpy(sms,"(Rose)i'm  In Danger Condition Please Save Me\n My Location Is\n Lat:");
main.c:                                ^
main.c(326): warning:  #167-D: argument of type "unsigned char *" is incompatible with parameter of type "char *restrict"
main.c:                         strcat(sms,gpsdata.latitude);
main.c:                                ^
main.c(327): warning:  #167-D: argument of type "unsigned char *" is incompatible with parameter of type "char *restrict"
main.c:                         strcat(sms,"\n LANG:");
main.c:                                ^
main.c(328): warning:  #167-D: argument of type "unsigned char *" is incompatible with parameter of type "char *restrict"
main.c:                         strcat(sms,gpsdata.longitude);
main.c:                                ^
main.c(337): warning:  #223-D: function "lcd_command_write" declared implicitly
main.c:         lcd_command_write(0x01);
main.c:         ^
main.c(377): warning:  #167-D: argument of type "unsigned char *" is incompatible with parameter of type "char *"
main.c:            GsmPutSSerial(sms_dat.dat);
main.c:            ^
main.c(412): warning:  #167-D: argument of type "char *" is incompatible with parameter of type "unsigned char *"
main.c:                 putSLcd(gpsdata.latitude);
main.c:                         ^
main.c(416): warning:  #167-D: argument of type "char *" is incompatible with parameter of type "unsigned char *"
main.c:                 putSLcd(gpsdata.longitude);     
main.c:                         ^
main.c: main.c: 16 warnings, 0 errors
compiling uart.c...
compiling lcd.c...
compiling delay.c...
linking...
Program Size: Code=5596 RO-data=100 RW-data=8 ZI-data=1504  
FromELF: creating hex file...
"BEC099.axf" - 0 Error(s), 16 Warning(s).
Build target 'Target 1'
assembling Startup.s...
compiling main.c...
main.c(103): warning:  #167-D: argument of type "unsigned char *" is incompatible with parameter of type "char *"
main.c:         GsmPutSSerial(num);
main.c:         ^
main.c(117): warning:  #167-D: argument of type "unsigned char *" is incompatible with parameter of type "char *"
main.c:         GsmPutSSerial( str );           
main.c:         ^
main.c(211): warning:  #167-D: argument of type "unsigned char *" is incompatible with parameter of type "char *"
main.c:       GsmPutSSerial(index);  
main.c:       ^
main.c(248): warning:  #223-D: function "lcd_command_write" declared implicitly
main.c:                 lcd_command_write(0x80);
main.c:                 ^
main.c(250): warning:  #167-D: argument of type "char *" is incompatible with parameter of type "unsigned char *"
main.c:                 putSLcd(gpsdata.latitude);
main.c:                         ^
main.c(253): warning:  #167-D: argument of type "char *" is incompatible with parameter of type "unsigned char *"
main.c:                 putSLcd(gpsdata.longitude);
main.c:                         ^
main.c(313): warning:  #223-D: function "lcd_data_write" declared implicitly
main.c:         for( ;*st ;lcd_data_write(*st++) );
main.c:                    ^
main.c(321): warning:  #223-D: function "lcd_command_write" declared implicitly
main.c:                         lcd_command_write(0x01);
main.c:                         ^
main.c(325): warning:  #167-D: argument of type "unsigned char *" is incompatible with parameter of type "char *restrict"
main.c:                         strcpy(sms,"(Rose)i'm  In Danger Condition Please Save Me\n My Location Is\n Lat:");
main.c:                                ^
main.c(326): warning:  #167-D: argument of type "unsigned char *" is incompatible with parameter of type "char *restrict"
main.c:                         strcat(sms,gpsdata.latitude);
main.c:                                ^
main.c(327): warning:  #167-D: argument of type "unsigned char *" is incompatible with parameter of type "char *restrict"
main.c:                         strcat(sms,"\n LANG:");
main.c:                                ^
main.c(328): warning:  #167-D: argument of type "unsigned char *" is incompatible with parameter of type "char *restrict"
main.c:                         strcat(sms,gpsdata.longitude);
main.c:                                ^
main.c(337): warning:  #223-D: function "lcd_command_write" declared implicitly
main.c:         lcd_command_write(0x01);
main.c:         ^
main.c(377): warning:  #167-D: argument of type "unsigned char *" is incompatible with parameter of type "char *"
main.c:            GsmPutSSerial(sms_dat.dat);
main.c:            ^
main.c(412): warning:  #167-D: argument of type "char *" is incompatible with parameter of type "unsigned char *"
main.c:                 putSLcd(gpsdata.latitude);
main.c:                         ^
main.c(416): warning:  #167-D: argument of type "char *" is incompatible with parameter of type "unsigned char *"
main.c:                 putSLcd(gpsdata.longitude);     
main.c:                         ^
main.c: main.c: 16 warnings, 0 errors
compiling uart.c...
compiling lcd.c...
compiling delay.c...
linking...
Program Size: Code=5596 RO-data=100 RW-data=8 ZI-data=1504  
FromELF: creating hex file...
"BEC099.axf" - 0 Error(s), 16 Warning(s).
Build target 'Target 1'
assembling Startup.s...
compiling main.c...
main.c(100): warning:  #167-D: argument of type "unsigned char *" is incompatible with parameter of type "char *"
main.c:         GsmPutSSerial(num);
main.c:         ^
main.c(114): warning:  #167-D: argument of type "unsigned char *" is incompatible with parameter of type "char *"
main.c:         GsmPutSSerial( str );           
main.c:         ^
main.c(208): warning:  #167-D: argument of type "unsigned char *" is incompatible with parameter of type "char *"
main.c:       GsmPutSSerial(index);  
main.c:       ^
main.c(245): warning:  #223-D: function "lcd_command_write" declared implicitly
main.c:                 lcd_command_write(0x80);
main.c:                 ^
main.c(247): warning:  #167-D: argument of type "char *" is incompatible with parameter of type "unsigned char *"
main.c:                 putSLcd(gpsdata.latitude);
main.c:                         ^
main.c(250): warning:  #167-D: argument of type "char *" is incompatible with parameter of type "unsigned char *"
main.c:                 putSLcd(gpsdata.longitude);
main.c:                         ^
main.c(310): warning:  #223-D: function "lcd_data_write" declared implicitly
main.c:         for( ;*st ;lcd_data_write(*st++) );
main.c:                    ^
main.c(318): warning:  #223-D: function "lcd_command_write" declared implicitly
main.c:                         lcd_command_write(0x01);
main.c:                         ^
main.c(322): warning:  #167-D: argument of type "unsigned char *" is incompatible with parameter of type "char *restrict"
main.c:                         strcpy(sms,"(Rose)i'm  In Danger Condition Please Save Me\n My Location Is\n Lat:");
main.c:                                ^
main.c(323): warning:  #167-D: argument of type "unsigned char *" is incompatible with parameter of type "char *restrict"
main.c:                         strcat(sms,gpsdata.latitude);
main.c:                                ^
main.c(324): warning:  #167-D: argument of type "unsigned char *" is incompatible with parameter of type "char *restrict"
main.c:                         strcat(sms,"\n LANG:");
main.c:                                ^
main.c(325): warning:  #167-D: argument of type "unsigned char *" is incompatible with parameter of type "char *restrict"
main.c:                         strcat(sms,gpsdata.longitude);
main.c:                                ^
main.c(334): warning:  #223-D: function "lcd_command_write" declared implicitly
main.c:         lcd_command_write(0x01);
main.c:         ^
main.c(374): warning:  #167-D: argument of type "unsigned char *" is incompatible with parameter of type "char *"
main.c:            GsmPutSSerial(sms_dat.dat);
main.c:            ^
main.c(409): warning:  #167-D: argument of type "char *" is incompatible with parameter of type "unsigned char *"
main.c:                 putSLcd(gpsdata.latitude);
main.c:                         ^
main.c(413): warning:  #167-D: argument of type "char *" is incompatible with parameter of type "unsigned char *"
main.c:                 putSLcd(gpsdata.longitude);     
main.c:                         ^
main.c: main.c: 16 warnings, 0 errors
compiling uart.c...
compiling lcd.c...
compiling delay.c...
linking...
Program Size: Code=5596 RO-data=100 RW-data=8 ZI-data=1504  
FromELF: creating hex file...
"BEC099.axf" - 0 Error(s), 16 Warning(s).
Build target 'Target 1'
assembling Startup.s...
compiling main.c...
main.c(100): warning:  #167-D: argument of type "unsigned char *" is incompatible with parameter of type "char *"
main.c:         GsmPutSSerial(num);
main.c:         ^
main.c(114): warning:  #167-D: argument of type "unsigned char *" is incompatible with parameter of type "char *"
main.c:         GsmPutSSerial( str );           
main.c:         ^
main.c(208): warning:  #167-D: argument of type "unsigned char *" is incompatible with parameter of type "char *"
main.c:       GsmPutSSerial(index);  
main.c:       ^
main.c(245): warning:  #223-D: function "lcd_command_write" declared implicitly
main.c:                 lcd_command_write(0x80);
main.c:                 ^
main.c(247): warning:  #167-D: argument of type "char *" is incompatible with parameter of type "unsigned char *"
main.c:                 putSLcd(gpsdata.latitude);
main.c:                         ^
main.c(250): warning:  #167-D: argument of type "char *" is incompatible with parameter of type "unsigned char *"
main.c:                 putSLcd(gpsdata.longitude);
main.c:                         ^
main.c(310): warning:  #223-D: function "lcd_data_write" declared implicitly
main.c:         for( ;*st ;lcd_data_write(*st++) );
main.c:                    ^
main.c(318): warning:  #223-D: function "lcd_command_write" declared implicitly
main.c:                         lcd_command_write(0x01);
main.c:                         ^
main.c(322): warning:  #167-D: argument of type "unsigned char *" is incompatible with parameter of type "char *restrict"
main.c:                         strcpy(sms,"(Rose)i'm  In Danger Condition Please Save Me\n My Location Is\n Lat:");
main.c:                                ^
main.c(323): warning:  #167-D: argument of type "unsigned char *" is incompatible with parameter of type "char *restrict"
main.c:                         strcat(sms,gpsdata.latitude);
main.c:                                ^
main.c(324): warning:  #167-D: argument of type "unsigned char *" is incompatible with parameter of type "char *restrict"
main.c:                         strcat(sms,"\n LANG:");
main.c:                                ^
main.c(325): warning:  #167-D: argument of type "unsigned char *" is incompatible with parameter of type "char *restrict"
main.c:                         strcat(sms,gpsdata.longitude);
main.c:                                ^
main.c(334): warning:  #223-D: function "lcd_command_write" declared implicitly
main.c:         lcd_command_write(0x01);
main.c:         ^
main.c(374): warning:  #167-D: argument of type "unsigned char *" is incompatible with parameter of type "char *"
main.c:            GsmPutSSerial(sms_dat.dat);
main.c:            ^
main.c(409): warning:  #167-D: argument of type "char *" is incompatible with parameter of type "unsigned char *"
main.c:                 putSLcd(gpsdata.latitude);
main.c:                         ^
main.c(413): warning:  #167-D: argument of type "char *" is incompatible with parameter of type "unsigned char *"
main.c:                 putSLcd(gpsdata.longitude);     
main.c:                         ^
main.c: main.c: 16 warnings, 0 errors
compiling uart.c...
compiling lcd.c...
compiling delay.c...
linking...
Program Size: Code=5596 RO-data=100 RW-data=8 ZI-data=1504  
FromELF: creating hex file...
"BEC091.axf" - 0 Error(s), 16 Warning(s).
Build target 'Target 1'
assembling Startup.s...
compiling main.c...
main.c(103): warning:  #167-D: argument of type "unsigned char *" is incompatible with parameter of type "char *"
main.c:         GsmPutSSerial(num);
main.c:         ^
main.c(117): warning:  #167-D: argument of type "unsigned char *" is incompatible with parameter of type "char *"
main.c:         GsmPutSSerial( str );           
main.c:         ^
main.c(211): warning:  #167-D: argument of type "unsigned char *" is incompatible with parameter of type "char *"
main.c:       GsmPutSSerial(index);  
main.c:       ^
main.c(240): warning:  #223-D: function "GPS_Section" declared implicitly
main.c:     GPS_Section();
main.c:     ^
main.c(250): warning:  #223-D: function "lcd_command_write" declared implicitly
main.c:                 lcd_command_write(0x80);
main.c:                 ^
main.c(252): warning:  #167-D: argument of type "char *" is incompatible with parameter of type "unsigned char *"
main.c:                 putSLcd(gpsdata.latitude);
main.c:                         ^
main.c(255): warning:  #167-D: argument of type "char *" is incompatible with parameter of type "unsigned char *"
main.c:                 putSLcd(gpsdata.longitude);
main.c:                         ^
main.c(315): warning:  #223-D: function "lcd_data_write" declared implicitly
main.c:         for( ;*st ;lcd_data_write(*st++) );
main.c:                    ^
main.c(323): warning:  #223-D: function "lcd_command_write" declared implicitly
main.c:                         lcd_command_write(0x01);
main.c:                         ^
main.c(327): warning:  #167-D: argument of type "unsigned char *" is incompatible with parameter of type "char *restrict"
main.c:                         strcpy(sms,"(Rose)i'm  In Danger Condition Please Save Me\n My Location Is\n Lat:");
main.c:                                ^
main.c(328): warning:  #167-D: argument of type "unsigned char *" is incompatible with parameter of type "char *restrict"
main.c:                         strcat(sms,gpsdata.latitude);
main.c:                                ^
main.c(329): warning:  #167-D: argument of type "unsigned char *" is incompatible with parameter of type "char *restrict"
main.c:                         strcat(sms,"\n LANG:");
main.c:                                ^
main.c(330): warning:  #167-D: argument of type "unsigned char *" is incompatible with parameter of type "char *restrict"
main.c:                         strcat(sms,gpsdata.longitude);
main.c:                                ^
main.c(339): warning:  #223-D: function "lcd_command_write" declared implicitly
main.c:         lcd_command_write(0x01);
main.c:         ^
main.c(379): warning:  #167-D: argument of type "unsigned char *" is incompatible with parameter of type "char *"
main.c:            GsmPutSSerial(sms_dat.dat);
main.c:            ^
main.c(414): warning:  #167-D: argument of type "char *" is incompatible with parameter of type "unsigned char *"
main.c:                 putSLcd(gpsdata.latitude);
main.c:                         ^
main.c(418): warning:  #167-D: argument of type "char *" is incompatible with parameter of type "unsigned char *"
main.c:                 putSLcd(gpsdata.longitude);     
main.c:                         ^
main.c(451): error:  #159: declaration is incompatible with previous "GPS_Section" (declared at line 240)
main.c:   void GPS_Section(void)
main.c:        ^
main.c: main.c: 17 warnings, 1 error
compiling uart.c...
compiling lcd.c...
compiling delay.c...
Target not created
Build target 'Target 1'
assembling Startup.s...
compiling main.c...
main.c(105): warning:  #167-D: argument of type "unsigned char *" is incompatible with parameter of type "char *"
main.c:         GsmPutSSerial(num);
main.c:         ^
main.c(119): warning:  #167-D: argument of type "unsigned char *" is incompatible with parameter of type "char *"
main.c:         GsmPutSSerial( str );           
main.c:         ^
main.c(213): warning:  #167-D: argument of type "unsigned char *" is incompatible with parameter of type "char *"
main.c:       GsmPutSSerial(index);  
main.c:       ^
main.c(252): warning:  #223-D: function "lcd_command_write" declared implicitly
main.c:                 lcd_command_write(0x80);
main.c:                 ^
main.c(254): warning:  #167-D: argument of type "char *" is incompatible with parameter of type "unsigned char *"
main.c:                 putSLcd(gpsdata.latitude);
main.c:                         ^
main.c(257): warning:  #167-D: argument of type "char *" is incompatible with parameter of type "unsigned char *"
main.c:                 putSLcd(gpsdata.longitude);
main.c:                         ^
main.c(317): warning:  #223-D: function "lcd_data_write" declared implicitly
main.c:         for( ;*st ;lcd_data_write(*st++) );
main.c:                    ^
main.c(325): warning:  #223-D: function "lcd_command_write" declared implicitly
main.c:                         lcd_command_write(0x01);
main.c:                         ^
main.c(329): warning:  #167-D: argument of type "unsigned char *" is incompatible with parameter of type "char *restrict"
main.c:                         strcpy(sms,"(Rose)i'm  In Danger Condition Please Save Me\n My Location Is\n Lat:");
main.c:                                ^
main.c(330): warning:  #167-D: argument of type "unsigned char *" is incompatible with parameter of type "char *restrict"
main.c:                         strcat(sms,gpsdata.latitude);
main.c:                                ^
main.c(331): warning:  #167-D: argument of type "unsigned char *" is incompatible with parameter of type "char *restrict"
main.c:                         strcat(sms,"\n LANG:");
main.c:                                ^
main.c(332): warning:  #167-D: argument of type "unsigned char *" is incompatible with parameter of type "char *restrict"
main.c:                         strcat(sms,gpsdata.longitude);
main.c:                                ^
main.c(341): warning:  #223-D: function "lcd_command_write" declared implicitly
main.c:         lcd_command_write(0x01);
main.c:         ^
main.c(381): warning:  #167-D: argument of type "unsigned char *" is incompatible with parameter of type "char *"
main.c:            GsmPutSSerial(sms_dat.dat);
main.c:            ^
main.c(416): warning:  #167-D: argument of type "char *" is incompatible with parameter of type "unsigned char *"
main.c:                 putSLcd(gpsdata.latitude);
main.c:                         ^
main.c(420): warning:  #167-D: argument of type "char *" is incompatible with parameter of type "unsigned char *"
main.c:                 putSLcd(gpsdata.longitude);     
main.c:                         ^
main.c: main.c: 16 warnings, 0 errors
compiling uart.c...
compiling lcd.c...
compiling delay.c...
linking...
Program Size: Code=5664 RO-data=100 RW-data=8 ZI-data=1504  
FromELF: creating hex file...
"BEC091.axf" - 0 Error(s), 16 Warning(s).
